Archive member included to satisfy reference by file (symbol)

/usr/lib/gcc/arm-none-eabi/4.9.3/../../../arm-none-eabi/lib/armv7-m/libc_nano.a(lib_a-atexit.o)
                              /usr/lib/gcc/arm-none-eabi/4.9.3/../../../arm-none-eabi/lib/armv7-m/crt0.o (atexit)
/usr/lib/gcc/arm-none-eabi/4.9.3/../../../arm-none-eabi/lib/armv7-m/libc_nano.a(lib_a-exit.o)
                              /usr/lib/gcc/arm-none-eabi/4.9.3/../../../arm-none-eabi/lib/armv7-m/crt0.o (exit)
/usr/lib/gcc/arm-none-eabi/4.9.3/../../../arm-none-eabi/lib/armv7-m/libc_nano.a(lib_a-fini.o)
                              /usr/lib/gcc/arm-none-eabi/4.9.3/../../../arm-none-eabi/lib/armv7-m/crt0.o (__libc_fini_array)
/usr/lib/gcc/arm-none-eabi/4.9.3/../../../arm-none-eabi/lib/armv7-m/libc_nano.a(lib_a-impure.o)
                              /usr/lib/gcc/arm-none-eabi/4.9.3/../../../arm-none-eabi/lib/armv7-m/libc_nano.a(lib_a-exit.o) (_global_impure_ptr)
/usr/lib/gcc/arm-none-eabi/4.9.3/../../../arm-none-eabi/lib/armv7-m/libc_nano.a(lib_a-init.o)
                              /usr/lib/gcc/arm-none-eabi/4.9.3/../../../arm-none-eabi/lib/armv7-m/crt0.o (__libc_init_array)
/usr/lib/gcc/arm-none-eabi/4.9.3/../../../arm-none-eabi/lib/armv7-m/libc_nano.a(lib_a-memcpy.o)
                              obj/constManager.o (memcpy)
/usr/lib/gcc/arm-none-eabi/4.9.3/../../../arm-none-eabi/lib/armv7-m/libc_nano.a(lib_a-memset.o)
                              /usr/lib/gcc/arm-none-eabi/4.9.3/../../../arm-none-eabi/lib/armv7-m/crt0.o (memset)
/usr/lib/gcc/arm-none-eabi/4.9.3/../../../arm-none-eabi/lib/armv7-m/libc_nano.a(lib_a-__atexit.o)
                              /usr/lib/gcc/arm-none-eabi/4.9.3/../../../arm-none-eabi/lib/armv7-m/libc_nano.a(lib_a-atexit.o) (__register_exitproc)
/usr/lib/gcc/arm-none-eabi/4.9.3/../../../arm-none-eabi/lib/armv7-m/libc_nano.a(lib_a-__call_atexit.o)
                              /usr/lib/gcc/arm-none-eabi/4.9.3/../../../arm-none-eabi/lib/armv7-m/libc_nano.a(lib_a-__atexit.o) (__call_exitprocs)

Discarded input sections

 .text          0x0000000000000000        0x0 /usr/lib/gcc/arm-none-eabi/4.9.3/armv7-m/crti.o
 .data          0x0000000000000000        0x0 /usr/lib/gcc/arm-none-eabi/4.9.3/armv7-m/crti.o
 .bss           0x0000000000000000        0x0 /usr/lib/gcc/arm-none-eabi/4.9.3/armv7-m/crti.o
 .data          0x0000000000000000        0x4 /usr/lib/gcc/arm-none-eabi/4.9.3/armv7-m/crtbegin.o
 .text          0x0000000000000000       0x68 /usr/lib/gcc/arm-none-eabi/4.9.3/../../../arm-none-eabi/lib/armv7-m/crt0.o
 .data          0x0000000000000000        0x0 /usr/lib/gcc/arm-none-eabi/4.9.3/../../../arm-none-eabi/lib/armv7-m/crt0.o
 .bss           0x0000000000000000        0x0 /usr/lib/gcc/arm-none-eabi/4.9.3/../../../arm-none-eabi/lib/armv7-m/crt0.o
 .ARM.extab     0x0000000000000000        0x0 /usr/lib/gcc/arm-none-eabi/4.9.3/../../../arm-none-eabi/lib/armv7-m/crt0.o
 .ARM.exidx     0x0000000000000000        0x8 /usr/lib/gcc/arm-none-eabi/4.9.3/../../../arm-none-eabi/lib/armv7-m/crt0.o
 .debug_line    0x0000000000000000       0x7b /usr/lib/gcc/arm-none-eabi/4.9.3/../../../arm-none-eabi/lib/armv7-m/crt0.o
 .debug_info    0x0000000000000000       0xa8 /usr/lib/gcc/arm-none-eabi/4.9.3/../../../arm-none-eabi/lib/armv7-m/crt0.o
 .debug_abbrev  0x0000000000000000       0x14 /usr/lib/gcc/arm-none-eabi/4.9.3/../../../arm-none-eabi/lib/armv7-m/crt0.o
 .debug_aranges
                0x0000000000000000       0x20 /usr/lib/gcc/arm-none-eabi/4.9.3/../../../arm-none-eabi/lib/armv7-m/crt0.o
 .ARM.attributes
                0x0000000000000000       0x1b /usr/lib/gcc/arm-none-eabi/4.9.3/../../../arm-none-eabi/lib/armv7-m/crt0.o
 .group         0x0000000000000000        0x8 obj/system_stm32f1xx.o
 .group         0x0000000000000000        0x8 obj/system_stm32f1xx.o
 .group         0x0000000000000000        0x8 obj/system_stm32f1xx.o
 .group         0x0000000000000000        0x8 obj/system_stm32f1xx.o
 .group         0x0000000000000000        0x8 obj/system_stm32f1xx.o
 .group         0x0000000000000000        0x8 obj/system_stm32f1xx.o
 .group         0x0000000000000000        0x8 obj/system_stm32f1xx.o
 .group         0x0000000000000000        0x8 obj/system_stm32f1xx.o
 .group         0x0000000000000000        0x8 obj/system_stm32f1xx.o
 .group         0x0000000000000000        0x8 obj/system_stm32f1xx.o
 .group         0x0000000000000000        0x8 obj/system_stm32f1xx.o
 .group         0x0000000000000000        0x8 obj/system_stm32f1xx.o
 .group         0x0000000000000000        0x8 obj/system_stm32f1xx.o
 .text          0x0000000000000000        0x0 obj/system_stm32f1xx.o
 .data          0x0000000000000000        0x0 obj/system_stm32f1xx.o
 .bss           0x0000000000000000        0x0 obj/system_stm32f1xx.o
 .text.SystemCoreClockUpdate
                0x0000000000000000       0x94 obj/system_stm32f1xx.o
 .group         0x0000000000000000        0x8 obj/deviceDefinition.o
[...]
Memory Configuration

Name             Origin             Length             Attributes
FLASH            0x0000000008000000 0x000000000001fc00 xr
RAM              0x0000000020000000 0x0000000000005000 xrw
*default*        0x0000000000000000 0xffffffffffffffff

Linker script and memory map

LOAD /usr/lib/gcc/arm-none-eabi/4.9.3/armv7-m/crti.o
LOAD /usr/lib/gcc/arm-none-eabi/4.9.3/armv7-m/crtbegin.o
LOAD /usr/lib/gcc/arm-none-eabi/4.9.3/../../../arm-none-eabi/lib/armv7-m/crt0.o
LOAD obj/system_stm32f1xx.o
LOAD obj/deviceDefinition.o
LOAD obj/constManager.o
LOAD obj/app.o
LOAD obj/stm32f1xx_it.o
LOAD obj/msp.o
LOAD obj/assert.o
LOAD obj/stm32f1xx_hal_cec.o
LOAD obj/stm32f1xx_hal_sram.o
LOAD obj/stm32f1xx_hal_can.o
LOAD obj/stm32f1xx_hal_rcc.o
LOAD obj/stm32f1xx_hal_nor.o
LOAD obj/stm32f1xx_hal_dac_ex.o
LOAD obj/stm32f1xx_hal_rtc_ex.o
LOAD obj/stm32f1xx_hal_crc.o
LOAD obj/stm32f1xx_hal_tim.o
LOAD obj/stm32f1xx_hal_usart.o
LOAD obj/stm32f1xx_hal_pcd.o
LOAD obj/stm32f1xx_ll_sdmmc.o
LOAD obj/stm32f1xx_hal_irda.o
LOAD obj/stm32f1xx_hal_wwdg.o
LOAD obj/stm32f1xx_ll_fsmc.o
LOAD obj/stm32f1xx_ll_usb.o
LOAD obj/stm32f1xx_hal_smartcard.o
LOAD obj/stm32f1xx_hal_flash.o
LOAD obj/stm32f1xx_hal_sd.o
LOAD obj/stm32f1xx_hal_rtc.o
LOAD obj/stm32f1xx_hal_hcd.o
LOAD obj/stm32f1xx_hal_pcd_ex.o
LOAD obj/stm32f1xx_hal_adc.o
LOAD obj/stm32f1xx_hal_spi.o
LOAD obj/stm32f1xx_hal_gpio.o
LOAD obj/stm32f1xx_hal_pccard.o
LOAD obj/stm32f1xx_hal_rcc_ex.o
LOAD obj/stm32f1xx_hal.o
LOAD obj/stm32f1xx_hal_cortex.o
LOAD obj/stm32f1xx_hal_i2c.o
LOAD obj/stm32f1xx_hal_tim_ex.o
LOAD obj/stm32f1xx_hal_adc_ex.o
LOAD obj/stm32f1xx_hal_spi_ex.o
LOAD obj/stm32f1xx_hal_dma.o
LOAD obj/stm32f1xx_hal_iwdg.o
LOAD obj/stm32f1xx_hal_uart.o
LOAD obj/stm32f1xx_hal_flash_ex.o
LOAD obj/stm32f1xx_hal_dac.o
LOAD obj/stm32f1xx_hal_gpio_ex.o
LOAD obj/stm32f1xx_hal_nand.o
LOAD obj/stm32f1xx_hal_pwr.o
LOAD obj/stm32f1xx_hal_i2s.o
LOAD obj/stm32f1xx_hal_eth.o
LOAD obj/MW_I2C.o
LOAD obj/MW_TIM.o
LOAD obj/MW_flash.o
LOAD obj/MW_ENCODER.o
LOAD obj/MW_IWDG.o
LOAD obj/MW_USART.o
LOAD obj/MW_GPIO.o
LOAD obj/message.o
LOAD obj/xprintf.o
LOAD obj/DD_SS.o
LOAD obj/DD_RC.o
LOAD obj/DD_ENCODER.o
LOAD obj/DD_AB.o
LOAD obj/DD_SV.o
LOAD obj/DD_MD.o
LOAD obj/DD_Gene.o
LOAD obj/DD_LD.o
LOAD obj/SystemTaskManager.o
LOAD obj/startup.o
START GROUP
LOAD /usr/lib/gcc/arm-none-eabi/4.9.3/armv7-m/libgcc.a
END GROUP
START GROUP
LOAD /usr/lib/gcc/arm-none-eabi/4.9.3/armv7-m/libgcc.a
LOAD /usr/lib/gcc/arm-none-eabi/4.9.3/../../../arm-none-eabi/lib/armv7-m/libc_nano.a
END GROUP
START GROUP
LOAD /usr/lib/gcc/arm-none-eabi/4.9.3/armv7-m/libgcc.a
LOAD /usr/lib/gcc/arm-none-eabi/4.9.3/../../../arm-none-eabi/lib/armv7-m/libc_nano.a
END GROUP
LOAD /usr/lib/gcc/arm-none-eabi/4.9.3/armv7-m/crtend.o
LOAD /usr/lib/gcc/arm-none-eabi/4.9.3/armv7-m/crtn.o
                0x0000000020005000                _estack = 0x20005000
                0x0000000000000200                _Min_Heap_Size = 0x200
                0x0000000000000400                _Min_Stack_Size = 0x400

.isr_vector     0x0000000008000000      0x10c
                0x0000000008000000                . = ALIGN (0x4)
 *(.isr_vector)
 .isr_vector    0x0000000008000000      0x10c obj/startup.o
                0x0000000008000000                g_pfnVectors
                0x000000000800010c                . = ALIGN (0x4)

.text           0x000000000800010c     0x4894
                0x000000000800010c                . = ALIGN (0x4)
 *(.text)
 .text          0x000000000800010c       0xa4 /usr/lib/gcc/arm-none-eabi/4.9.3/armv7-m/crtbegin.o
 *(.text*)
 .text.SystemInit
                0x00000000080001b0       0x4c obj/system_stm32f1xx.o
                0x00000000080001b0                SystemInit
 .text.reloadDefault
                0x00000000080001fc       0x18 obj/constManager.o
 .text.load     0x0000000008000214       0x40 obj/constManager.o
 .text.ad_const_elementPrint
                0x0000000008000254       0x28 obj/constManager.o
 .text.adjustPrint
                0x000000000800027c      0x170 obj/constManager.o
 .text.saveData
                0x00000000080003ec       0x1c obj/constManager.o
 .text.save     0x0000000008000408       0x28 obj/constManager.o
 .text.wait     0x0000000008000430        0x8 obj/constManager.o
 .text.interval_10ms
                0x0000000008000438        0xc obj/constManager.o
 .text.RC_adjust_Zero
                0x0000000008000444      0x1fc obj/constManager.o
 .text.RC_adjust
                0x0000000008000640       0x10 obj/constManager.o
 .text.ad_keyTask
                0x0000000008000650      0x298 obj/constManager.o
 .text.adjust   0x00000000080008e8      0x17c obj/constManager.o
 .text.ad_init  0x0000000008000a64        0xc obj/constManager.o
                0x0000000008000a64                ad_init
 .text.ad_main  0x0000000008000a70        0x8 obj/constManager.o
                0x0000000008000a70                ad_main
 .text.LEDSystem
                0x0000000008000a78       0x60 obj/app.o
 .text.ABSystem
                0x0000000008000ad8       0x38 obj/app.o
 .text.suspensionSystem
                0x0000000008000b10       0x88 obj/app.o
 .text.appInit  0x0000000008000b98        0xc obj/app.o
                0x0000000008000b98                appInit
 .text.appTask  0x0000000008000ba4       0x7c obj/app.o
                0x0000000008000ba4                appTask
 .text.NMI_Handler
                0x0000000008000c20        0x4 obj/stm32f1xx_it.o
                0x0000000008000c20                NMI_Handler
 .text.HardFault_Handler
                0x0000000008000c24        0x4 obj/stm32f1xx_it.o
                0x0000000008000c24                HardFault_Handler
 .text.MemManage_Handler
                0x0000000008000c28        0x4 obj/stm32f1xx_it.o
                0x0000000008000c28                MemManage_Handler
 .text.BusFault_Handler
                0x0000000008000c2c        0x4 obj/stm32f1xx_it.o
                0x0000000008000c2c                BusFault_Handler
 .text.UsageFault_Handler
                0x0000000008000c30        0x4 obj/stm32f1xx_it.o
                0x0000000008000c30                UsageFault_Handler
 .text.SVC_Handler
                0x0000000008000c34        0x4 obj/stm32f1xx_it.o
                0x0000000008000c34                SVC_Handler
 .text.DebugMon_Handler
                0x0000000008000c38        0x4 obj/stm32f1xx_it.o
                0x0000000008000c38                DebugMon_Handler
 .text.PendSV_Handler
                0x0000000008000c3c        0x4 obj/stm32f1xx_it.o
                0x0000000008000c3c                PendSV_Handler
 .text.SysTick_Handler
                0x0000000008000c40       0x18 obj/stm32f1xx_it.o
                0x0000000008000c40                SysTick_Handler
 .text.DMA1_Channel7_IRQHandler
                0x0000000008000c58       0x10 obj/stm32f1xx_it.o
                0x0000000008000c58                DMA1_Channel7_IRQHandler
 .text.DMA1_Channel3_IRQHandler
                0x0000000008000c68       0x10 obj/stm32f1xx_it.o
                0x0000000008000c68                DMA1_Channel3_IRQHandler
 .text.USART3_IRQHandler
                0x0000000008000c78       0x10 obj/stm32f1xx_it.o
                0x0000000008000c78                USART3_IRQHandler
 .text.USART2_IRQHandler
                0x0000000008000c88       0x10 obj/stm32f1xx_it.o
                0x0000000008000c88                USART2_IRQHandler
 .text.HAL_MspInit
                0x0000000008000c98       0x7c obj/msp.o
                0x0000000008000c98                HAL_MspInit
 .text.HAL_I2C_MspInit
                0x0000000008000d14       0xfc obj/msp.o
                0x0000000008000d14                HAL_I2C_MspInit
 .text.HAL_UART_MspInit
                0x0000000008000e10      0x1f8 obj/msp.o
                0x0000000008000e10                HAL_UART_MspInit
 .text.assert_failed
                0x0000000008001008        0x4 obj/assert.o
                0x0000000008001008                assert_failed
 .text.HAL_RCC_OscConfig
                0x000000000800100c      0x718 obj/stm32f1xx_hal_rcc.o
                0x000000000800100c                HAL_RCC_OscConfig
 .text.HAL_RCC_GetSysClockFreq
                0x0000000008001724       0x90 obj/stm32f1xx_hal_rcc.o
                0x0000000008001724                HAL_RCC_GetSysClockFreq
 .text.HAL_RCC_ClockConfig
                0x00000000080017b4      0x2a4 obj/stm32f1xx_hal_rcc.o
                0x00000000080017b4                HAL_RCC_ClockConfig
 .text.HAL_RCC_GetHCLKFreq
                0x0000000008001a58        0xc obj/stm32f1xx_hal_rcc.o
                0x0000000008001a58                HAL_RCC_GetHCLKFreq
 .text.HAL_RCC_GetPCLK1Freq
                0x0000000008001a64       0x2c obj/stm32f1xx_hal_rcc.o
                0x0000000008001a64                HAL_RCC_GetPCLK1Freq
 .text.HAL_RCC_GetPCLK2Freq
                0x0000000008001a90       0x2c obj/stm32f1xx_hal_rcc.o
                0x0000000008001a90                HAL_RCC_GetPCLK2Freq
 .text.HAL_TIM_PeriodElapsedCallback
                0x0000000008001abc        0x4 obj/stm32f1xx_hal_tim.o
                0x0000000008001abc                HAL_TIM_PeriodElapsedCallback
 .text.HAL_TIM_OC_DelayElapsedCallback
                0x0000000008001ac0        0x4 obj/stm32f1xx_hal_tim.o
                0x0000000008001ac0                HAL_TIM_OC_DelayElapsedCallback
 .text.HAL_TIM_IC_CaptureCallback
                0x0000000008001ac4        0x4 obj/stm32f1xx_hal_tim.o
                0x0000000008001ac4                HAL_TIM_IC_CaptureCallback
 .text.HAL_TIM_PWM_PulseFinishedCallback
                0x0000000008001ac8        0x4 obj/stm32f1xx_hal_tim.o
                0x0000000008001ac8                HAL_TIM_PWM_PulseFinishedCallback
 .text.HAL_TIM_TriggerCallback
                0x0000000008001acc        0x4 obj/stm32f1xx_hal_tim.o
                0x0000000008001acc                HAL_TIM_TriggerCallback
 .text.HAL_TIM_IRQHandler
                0x0000000008001ad0      0x174 obj/stm32f1xx_hal_tim.o
                0x0000000008001ad0                HAL_TIM_IRQHandler
 .text.FLASH_Program_HalfWord
                0x0000000008001c44       0x1c obj/stm32f1xx_hal_flash.o
 .text.FLASH_SetErrorCode
                0x0000000008001c60       0x58 obj/stm32f1xx_hal_flash.o
 .text.HAL_FLASH_Unlock
                0x0000000008001cb8       0x28 obj/stm32f1xx_hal_flash.o
                0x0000000008001cb8                HAL_FLASH_Unlock
 .text.HAL_FLASH_Lock
                0x0000000008001ce0       0x14 obj/stm32f1xx_hal_flash.o
                0x0000000008001ce0                HAL_FLASH_Lock
 .text.FLASH_WaitForLastOperation
                0x0000000008001cf4       0x70 obj/stm32f1xx_hal_flash.o
                0x0000000008001cf4                FLASH_WaitForLastOperation
 .text.HAL_FLASH_Program
                0x0000000008001d64      0x100 obj/stm32f1xx_hal_flash.o
                0x0000000008001d64                HAL_FLASH_Program
 .text.HAL_GPIO_Init
                0x0000000008001e64      0x2f8 obj/stm32f1xx_hal_gpio.o
                0x0000000008001e64                HAL_GPIO_Init
 .text.HAL_GPIO_WritePin
                0x000000000800215c       0x34 obj/stm32f1xx_hal_gpio.o
                0x000000000800215c                HAL_GPIO_WritePin
 .text.HAL_RCCEx_PeriphCLKConfig
                0x0000000008002190      0x19c obj/stm32f1xx_hal_rcc_ex.o
                0x0000000008002190                HAL_RCCEx_PeriphCLKConfig
 .text.HAL_InitTick
                0x000000000800232c       0x28 obj/stm32f1xx_hal.o
                0x000000000800232c                HAL_InitTick
 .text.HAL_Init
                0x0000000008002354       0x24 obj/stm32f1xx_hal.o
                0x0000000008002354                HAL_Init
 .text.HAL_IncTick
                0x0000000008002378       0x10 obj/stm32f1xx_hal.o
                0x0000000008002378                HAL_IncTick
 .text.HAL_GetTick
                0x0000000008002388        0xc obj/stm32f1xx_hal.o
                0x0000000008002388                HAL_GetTick
 .text.HAL_Delay
                0x0000000008002394       0x1c obj/stm32f1xx_hal.o
                0x0000000008002394                HAL_Delay
 .text.HAL_NVIC_SetPriorityGrouping
                0x00000000080023b0       0x3c obj/stm32f1xx_hal_cortex.o
                0x00000000080023b0                HAL_NVIC_SetPriorityGrouping
 .text.HAL_NVIC_SetPriority
                0x00000000080023ec       0x84 obj/stm32f1xx_hal_cortex.o
                0x00000000080023ec                HAL_NVIC_SetPriority
 .text.HAL_NVIC_EnableIRQ
                0x0000000008002470       0x28 obj/stm32f1xx_hal_cortex.o
                0x0000000008002470                HAL_NVIC_EnableIRQ
 .text.HAL_SYSTICK_Config
                0x0000000008002498       0x2c obj/stm32f1xx_hal_cortex.o
                0x0000000008002498                HAL_SYSTICK_Config
 .text.HAL_SYSTICK_CLKSourceConfig
                0x00000000080024c4       0x38 obj/stm32f1xx_hal_cortex.o
                0x00000000080024c4                HAL_SYSTICK_CLKSourceConfig
 .text.HAL_SYSTICK_Callback
                0x00000000080024fc        0x4 obj/stm32f1xx_hal_cortex.o
                0x00000000080024fc                HAL_SYSTICK_Callback
 .text.HAL_SYSTICK_IRQHandler
                0x0000000008002500        0x8 obj/stm32f1xx_hal_cortex.o
                0x0000000008002500                HAL_SYSTICK_IRQHandler
 .text.I2C_Configure_Speed
                0x0000000008002508       0x4c obj/stm32f1xx_hal_i2c.o
 .text.I2C_IsAcknowledgeFailed
                0x0000000008002554       0x2c obj/stm32f1xx_hal_i2c.o
 .text.I2C_WaitOnFlagUntilTimeout
                0x0000000008002580       0xcc obj/stm32f1xx_hal_i2c.o
 .text.I2C_WaitOnMasterAddressFlagUntilTimeout
                0x000000000800264c       0x94 obj/stm32f1xx_hal_i2c.o
 .text.I2C_MasterRequestWrite
                0x00000000080026e0       0x8c obj/stm32f1xx_hal_i2c.o
 .text.I2C_WaitOnTXEFlagUntilTimeout
                0x000000000800276c       0x54 obj/stm32f1xx_hal_i2c.o
 .text.I2C_WaitOnBTFFlagUntilTimeout
                0x00000000080027c0       0x54 obj/stm32f1xx_hal_i2c.o
 .text.HAL_I2C_Init
                0x0000000008002814      0x178 obj/stm32f1xx_hal_i2c.o
                0x0000000008002814                HAL_I2C_Init
 .text.HAL_I2C_Master_Transmit
                0x000000000800298c      0x12c obj/stm32f1xx_hal_i2c.o
                0x000000000800298c                HAL_I2C_Master_Transmit
 .text.HAL_TIMEx_CommutationCallback
                0x0000000008002ab8        0x4 obj/stm32f1xx_hal_tim_ex.o
                0x0000000008002ab8                HAL_TIMEx_CommutationCallback
 .text.HAL_TIMEx_BreakCallback
                0x0000000008002abc        0x4 obj/stm32f1xx_hal_tim_ex.o
                0x0000000008002abc                HAL_TIMEx_BreakCallback
 .text.DMA_SetConfig
                0x0000000008002ac0       0x24 obj/stm32f1xx_hal_dma.o
 .text.HAL_DMA_Init
                0x0000000008002ae4      0x124 obj/stm32f1xx_hal_dma.o
                0x0000000008002ae4                HAL_DMA_Init
 .text.HAL_DMA_Start_IT
                0x0000000008002c08       0x7c obj/stm32f1xx_hal_dma.o
                0x0000000008002c08                HAL_DMA_Start_IT
 .text.HAL_DMA_IRQHandler
                0x0000000008002c84      0x270 obj/stm32f1xx_hal_dma.o
                0x0000000008002c84                HAL_DMA_IRQHandler
 .text.HAL_IWDG_MspInit
                0x0000000008002ef4        0x4 obj/stm32f1xx_hal_iwdg.o
                0x0000000008002ef4                HAL_IWDG_MspInit
 .text.HAL_IWDG_Init
                0x0000000008002ef8       0xa0 obj/stm32f1xx_hal_iwdg.o
                0x0000000008002ef8                HAL_IWDG_Init
 .text.HAL_IWDG_Start
                0x0000000008002f98       0x2c obj/stm32f1xx_hal_iwdg.o
                0x0000000008002f98                HAL_IWDG_Start
 .text.HAL_IWDG_Refresh
                0x0000000008002fc4       0x50 obj/stm32f1xx_hal_iwdg.o
                0x0000000008002fc4                HAL_IWDG_Refresh
 .text.UART_Transmit_IT
                0x0000000008003014       0x6c obj/stm32f1xx_hal_uart.o
 .text.UART_SetConfig
                0x0000000008003080      0x228 obj/stm32f1xx_hal_uart.o
 .text.HAL_UART_Init
                0x00000000080032a8       0xf8 obj/stm32f1xx_hal_uart.o
                0x00000000080032a8                HAL_UART_Init
 .text.HAL_UART_Transmit_DMA
                0x00000000080033a0       0xa0 obj/stm32f1xx_hal_uart.o
                0x00000000080033a0                HAL_UART_Transmit_DMA
 .text.HAL_UART_Receive_DMA
                0x0000000008003440       0x98 obj/stm32f1xx_hal_uart.o
                0x0000000008003440                HAL_UART_Receive_DMA
 .text.UART_DMATransmitCplt
                0x00000000080034d8       0x30 obj/stm32f1xx_hal_uart.o
 .text.UART_EndTransmit_IT
                0x0000000008003508       0x2c obj/stm32f1xx_hal_uart.o
 .text.HAL_UART_TxHalfCpltCallback
                0x0000000008003534        0x4 obj/stm32f1xx_hal_uart.o
                0x0000000008003534                HAL_UART_TxHalfCpltCallback
 .text.UART_DMATxHalfCplt
                0x0000000008003538        0xc obj/stm32f1xx_hal_uart.o
 .text.UART_DMAReceiveCplt
                0x0000000008003544       0x3c obj/stm32f1xx_hal_uart.o
 .text.UART_Receive_IT
                0x0000000008003580       0xb4 obj/stm32f1xx_hal_uart.o
 .text.HAL_UART_RxHalfCpltCallback
                0x0000000008003634        0x4 obj/stm32f1xx_hal_uart.o
                0x0000000008003634                HAL_UART_RxHalfCpltCallback
 .text.UART_DMARxHalfCplt
                0x0000000008003638        0xc obj/stm32f1xx_hal_uart.o
 .text.HAL_UART_ErrorCallback
                0x0000000008003644        0x4 obj/stm32f1xx_hal_uart.o
                0x0000000008003644                HAL_UART_ErrorCallback
 .text.UART_DMAError
                0x0000000008003648       0x20 obj/stm32f1xx_hal_uart.o
 .text.HAL_UART_IRQHandler
                0x0000000008003668       0xc4 obj/stm32f1xx_hal_uart.o
                0x0000000008003668                HAL_UART_IRQHandler
 .text.FLASH_MassErase
                0x000000000800372c       0x38 obj/stm32f1xx_hal_flash_ex.o
 .text.FLASH_PageErase
                0x0000000008003764       0x24 obj/stm32f1xx_hal_flash_ex.o
                0x0000000008003764                FLASH_PageErase
 .text.HAL_FLASHEx_Erase
                0x0000000008003788      0x180 obj/stm32f1xx_hal_flash_ex.o
                0x0000000008003788                HAL_FLASHEx_Erase
 .text.MW_SetI2CClockSpeed
                0x0000000008003908       0x24 obj/MW_I2C.o
                0x0000000008003908                MW_SetI2CClockSpeed
 .text.MW_I2CInit
                0x000000000800392c       0x1c obj/MW_I2C.o
                0x000000000800392c                MW_I2CInit
 .text.MW_I2C1Transmit
                0x0000000008003948       0x28 obj/MW_I2C.o
                0x0000000008003948                MW_I2C1Transmit
 .text.TIM1_UP_IRQHandler
                0x0000000008003970       0x10 obj/MW_TIM.o
                0x0000000008003970                TIM1_UP_IRQHandler
 .text.TIM2_IRQHandler
                0x0000000008003980       0x10 obj/MW_TIM.o
                0x0000000008003980                TIM2_IRQHandler
 .text.MW_flashUnlock
                0x0000000008003990       0x10 obj/MW_flash.o
 .text.MW_flashElase
                0x00000000080039a0       0x4c obj/MW_flash.o
 .text.MW_flashLock
                0x00000000080039ec       0x10 obj/MW_flash.o
 .text.MW_flashWrite
                0x00000000080039fc       0x54 obj/MW_flash.o
                0x00000000080039fc                MW_flashWrite
 .text.MW_SetIWDGPrescaler
                0x0000000008003a50        0xc obj/MW_IWDG.o
                0x0000000008003a50                MW_SetIWDGPrescaler
 .text.MW_SetIWDGReload
                0x0000000008003a5c        0xc obj/MW_IWDG.o
                0x0000000008003a5c                MW_SetIWDGReload
 .text.MW_IWDGInit
                0x0000000008003a68       0x1c obj/MW_IWDG.o
                0x0000000008003a68                MW_IWDGInit
 .text.MW_IWDGClr
                0x0000000008003a84       0x10 obj/MW_IWDG.o
                0x0000000008003a84                MW_IWDGClr
 .text.MW_USARTSetBaudRate
                0x0000000008003a94       0x24 obj/MW_USART.o
                0x0000000008003a94                MW_USARTSetBaudRate
 .text.MW_USARTInit
                0x0000000008003ab8       0x1c obj/MW_USART.o
                0x0000000008003ab8                MW_USARTInit
 .text.MW_USART2Transmit
                0x0000000008003ad4       0x20 obj/MW_USART.o
                0x0000000008003ad4                MW_USART2Transmit
 .text.MW_USART3ReceiveMult
                0x0000000008003af4       0x1c obj/MW_USART.o
                0x0000000008003af4                MW_USART3ReceiveMult
 .text.MW_SetGPIOPin
                0x0000000008003b10        0xc obj/MW_GPIO.o
                0x0000000008003b10                MW_SetGPIOPin
 .text.MW_SetGPIOMode
                0x0000000008003b1c        0xc obj/MW_GPIO.o
                0x0000000008003b1c                MW_SetGPIOMode
 .text.MW_SetGPIOPull
                0x0000000008003b28        0xc obj/MW_GPIO.o
                0x0000000008003b28                MW_SetGPIOPull
 .text.MW_SetGPIOSpeed
                0x0000000008003b34        0xc obj/MW_GPIO.o
                0x0000000008003b34                MW_SetGPIOSpeed
 .text.MW_GPIOInit
                0x0000000008003b40       0x2c obj/MW_GPIO.o
                0x0000000008003b40                MW_GPIOInit
 .text.MW_GPIOWrite
                0x0000000008003b6c       0x2c obj/MW_GPIO.o
                0x0000000008003b6c                MW_GPIOWrite
 .text._xprintf
                0x0000000008003b98       0x1c obj/message.o
 .text.MW_waitForMessageTransitionComplete
                0x0000000008003bb4       0x40 obj/message.o
                0x0000000008003bb4                MW_waitForMessageTransitionComplete
 .text.flush    0x0000000008003bf4       0x40 obj/message.o
                0x0000000008003bf4                flush
 .text.MW_printf
                0x0000000008003c34       0x40 obj/message.o
                0x0000000008003c34                MW_printf
 .text._msg     0x0000000008003c74       0x4c obj/message.o
                0x0000000008003c74                _msg
 .text.MW_messageTransitionCompletedCallBack
                0x0000000008003cc0        0xc obj/message.o
                0x0000000008003cc0                MW_messageTransitionCompletedCallBack
 .text.xputc    0x0000000008003ccc       0x34 obj/xprintf.o
                0x0000000008003ccc                xputc
 .text.xputs    0x0000000008003d00       0x14 obj/xprintf.o
                0x0000000008003d00                xputs
 .text.xvprintf
                0x0000000008003d14      0x1f4 obj/xprintf.o
                0x0000000008003d14                xvprintf
 .text.DD_RCInit
                0x0000000008003f08       0x78 obj/DD_RC.o
                0x0000000008003f08                DD_RCInit
 .text.DD_RC_element
                0x0000000008003f80       0x70 obj/DD_RC.o
                0x0000000008003f80                DD_RC_element
 .text.DD_RCTask
                0x0000000008003ff0       0x48 obj/DD_RC.o
                0x0000000008003ff0                DD_RCTask
 .text.DD_RCGetLX
                0x0000000008004038       0x24 obj/DD_RC.o
                0x0000000008004038                DD_RCGetLX
 .text.DD_RCGetLY
                0x000000000800405c       0x24 obj/DD_RC.o
                0x000000000800405c                DD_RCGetLY
 .text.DD_RCGetRX
                0x0000000008004080       0x24 obj/DD_RC.o
                0x0000000008004080                DD_RCGetRX
 .text.DD_RCGetRY
                0x00000000080040a4       0x24 obj/DD_RC.o
                0x00000000080040a4                DD_RCGetRY
 .text.DD_RCPrint
                0x00000000080040c8      0x244 obj/DD_RC.o
                0x00000000080040c8                DD_RCPrint
 .text.DD_send2AB
                0x000000000800430c       0x20 obj/DD_AB.o
                0x000000000800430c                DD_send2AB
 .text.DD_ABHandPrint
                0x000000000800432c       0x14 obj/DD_AB.o
                0x000000000800432c                DD_ABHandPrint
 .text.DD_send2MD
                0x0000000008004340       0x58 obj/DD_MD.o
                0x0000000008004340                DD_send2MD
 .text.DD_MDHandPrint
                0x0000000008004398       0x5c obj/DD_MD.o
                0x0000000008004398                DD_MDHandPrint
 .text.DD_I2CSend
                0x00000000080043f4       0x38 obj/DD_Gene.o
                0x00000000080043f4                DD_I2CSend
 .text.DD_doTasks
                0x000000000800442c       0x44 obj/DD_Gene.o
                0x000000000800442c                DD_doTasks
 .text.DD_print
                0x0000000008004470       0x38 obj/DD_Gene.o
                0x0000000008004470                DD_print
 .text.DD_initialize
                0x00000000080044a8       0x20 obj/DD_Gene.o
                0x00000000080044a8                DD_initialize
 .text.SY_I2CConnTest
                0x00000000080044c8        0x4 obj/SystemTaskManager.o
 .text.SY_clockInit
                0x00000000080044cc       0xc8 obj/SystemTaskManager.o
 .text.SY_GPIOInit
                0x0000000008004594       0xb0 obj/SystemTaskManager.o
 .text.SY_init  0x0000000008004644       0xd0 obj/SystemTaskManager.o
 .text.SY_doAppTasks
                0x0000000008004714        0x8 obj/SystemTaskManager.o
 .text.SY_doDevDriverTasks
                0x000000000800471c        0x8 obj/SystemTaskManager.o
 .text.main     0x0000000008004724      0x144 obj/SystemTaskManager.o
                0x0000000008004724                main
 .text.SY_wait  0x0000000008004868       0x2c obj/SystemTaskManager.o
                0x0000000008004868                SY_wait
 .text.HAL_UART_RxCpltCallback
                0x0000000008004894       0x3c obj/SystemTaskManager.o
                0x0000000008004894                HAL_UART_RxCpltCallback
 .text.HAL_UART_TxCpltCallback
                0x00000000080048d0        0x8 obj/SystemTaskManager.o
                0x00000000080048d0                HAL_UART_TxCpltCallback
 .text.Reset_Handler
                0x00000000080048d8       0x48 obj/startup.o
                0x00000000080048d8                Reset_Handler
 .text.Default_Handler
                0x0000000008004920        0x2 obj/startup.o
                0x0000000008004920                RTC_Alarm_IRQHandler
                0x0000000008004920                EXTI2_IRQHandler
                0x0000000008004920                TIM1_CC_IRQHandler
                0x0000000008004920                PVD_IRQHandler
                0x0000000008004920                EXTI3_IRQHandler
                0x0000000008004920                EXTI0_IRQHandler
                0x0000000008004920                I2C2_EV_IRQHandler
                0x0000000008004920                ADC1_2_IRQHandler
                0x0000000008004920                SPI1_IRQHandler
                0x0000000008004920                TAMPER_IRQHandler
                0x0000000008004920                DMA1_Channel4_IRQHandler
                0x0000000008004920                RTC_IRQHandler
                0x0000000008004920                CAN1_RX1_IRQHandler
                0x0000000008004920                TIM4_IRQHandler
                0x0000000008004920                I2C1_EV_IRQHandler
                0x0000000008004920                DMA1_Channel6_IRQHandler
                0x0000000008004920                TIM3_IRQHandler
                0x0000000008004920                RCC_IRQHandler
                0x0000000008004920                TIM1_TRG_COM_IRQHandler
                0x0000000008004920                DMA1_Channel1_IRQHandler
                0x0000000008004920                Default_Handler
                0x0000000008004920                EXTI15_10_IRQHandler
                0x0000000008004920                EXTI9_5_IRQHandler
                0x0000000008004920                SPI2_IRQHandler
                0x0000000008004920                DMA1_Channel5_IRQHandler
                0x0000000008004920                EXTI4_IRQHandler
                0x0000000008004920                USB_LP_CAN1_RX0_IRQHandler
                0x0000000008004920                USB_HP_CAN1_TX_IRQHandler
                0x0000000008004920                WWDG_IRQHandler
                0x0000000008004920                TIM1_BRK_IRQHandler
                0x0000000008004920                EXTI1_IRQHandler
                0x0000000008004920                I2C2_ER_IRQHandler
                0x0000000008004920                DMA1_Channel2_IRQHandler
                0x0000000008004920                CAN1_SCE_IRQHandler
                0x0000000008004920                FLASH_IRQHandler
                0x0000000008004920                USART1_IRQHandler
                0x0000000008004920                I2C1_ER_IRQHandler
                0x0000000008004920                USBWakeUp_IRQHandler
 *fill*         0x0000000008004922        0x2 
 .text.__libc_init_array
                0x0000000008004924       0x4c /usr/lib/gcc/arm-none-eabi/4.9.3/../../../arm-none-eabi/lib/armv7-m/libc_nano.a(lib_a-init.o)
                0x0000000008004924                __libc_init_array
 .text.memcpy   0x0000000008004970       0x16 /usr/lib/gcc/arm-none-eabi/4.9.3/../../../arm-none-eabi/lib/armv7-m/libc_nano.a(lib_a-memcpy.o)
                0x0000000008004970                memcpy
 *(.glue_7)
 .glue_7        0x0000000008004986        0x0 linker stubs
 *(.glue_7t)
 .glue_7t       0x0000000008004986        0x0 linker stubs
 *(.eh_frame)
 *fill*         0x0000000008004986        0x2 
 .eh_frame      0x0000000008004988        0x0 /usr/lib/gcc/arm-none-eabi/4.9.3/armv7-m/crtbegin.o
 *(.init)
 .init          0x0000000008004988        0x4 /usr/lib/gcc/arm-none-eabi/4.9.3/armv7-m/crti.o
                0x0000000008004988                _init
 .init          0x000000000800498c        0x8 /usr/lib/gcc/arm-none-eabi/4.9.3/armv7-m/crtn.o
 *(.fini)
 .fini          0x0000000008004994        0x4 /usr/lib/gcc/arm-none-eabi/4.9.3/armv7-m/crti.o
                0x0000000008004994                _fini
 .fini          0x0000000008004998        0x8 /usr/lib/gcc/arm-none-eabi/4.9.3/armv7-m/crtn.o
                0x00000000080049a0                . = ALIGN (0x4)
                0x00000000080049a0                _etext = .

.vfp11_veneer   0x00000000080049a0        0x0
 .vfp11_veneer  0x00000000080049a0        0x0 linker stubs

.v4_bx          0x00000000080049a0        0x0
 .v4_bx         0x00000000080049a0        0x0 linker stubs

.iplt           0x00000000080049a0        0x0
 .iplt          0x00000000080049a0        0x0 /usr/lib/gcc/arm-none-eabi/4.9.3/armv7-m/crtbegin.o

.rodata         0x00000000080049a0      0xaa8
                0x00000000080049a0                . = ALIGN (0x4)
 *(.rodata)
 .rodata        0x00000000080049a0       0x12 obj/stm32f1xx_hal_rcc.o
 *(.rodata*)
 *fill*         0x00000000080049b2        0x2 
 .rodata.AHBPrescTable
                0x00000000080049b4       0x10 obj/system_stm32f1xx.o
                0x00000000080049b4                AHBPrescTable
 .rodata.APBPrescTable
                0x00000000080049c4        0x8 obj/system_stm32f1xx.o
                0x00000000080049c4                APBPrescTable
 .rodata.__FUNCTION__.7853
                0x00000000080049cc        0xb obj/constManager.o
 *fill*         0x00000000080049d7        0x1 
 .rodata.__FUNCTION__.7863
                0x00000000080049d8        0xf obj/constManager.o
 *fill*         0x00000000080049e7        0x1 
 .rodata.defaultad
                0x00000000080049e8      0x144 obj/constManager.o
 .rodata.str1.4
                0x0000000008004b2c      0x39e obj/constManager.o
                                        0x3a6 (size before relaxing)
 *fill*         0x0000000008004eca        0x2 
 .rodata.str1.4
                0x0000000008004ecc       0x35 obj/stm32f1xx_hal_rcc.o
 *fill*         0x0000000008004f01        0x3 
 .rodata.str1.4
                0x0000000008004f04       0x37 obj/stm32f1xx_hal_flash.o
 *fill*         0x0000000008004f3b        0x1 
 .rodata.str1.4
                0x0000000008004f3c       0x36 obj/stm32f1xx_hal_gpio.o
 *fill*         0x0000000008004f72        0x2 
 .rodata.str1.4
                0x0000000008004f74       0x38 obj/stm32f1xx_hal_rcc_ex.o
 .rodata.str1.4
                0x0000000008004fac       0x38 obj/stm32f1xx_hal_cortex.o
 .rodata.str1.4
                0x0000000008004fe4       0x35 obj/stm32f1xx_hal_i2c.o
 *fill*         0x0000000008005019        0x3 
 .rodata.str1.4
                0x000000000800501c       0x35 obj/stm32f1xx_hal_dma.o
 *fill*         0x0000000008005051        0x3 
 .rodata.str1.4
                0x0000000008005054       0x36 obj/stm32f1xx_hal_iwdg.o
 *fill*         0x000000000800508a        0x2 
 .rodata.str1.4
                0x000000000800508c       0x36 obj/stm32f1xx_hal_uart.o
 *fill*         0x00000000080050c2        0x2 
 .rodata.str1.4
                0x00000000080050c4       0x3a obj/stm32f1xx_hal_flash_ex.o
 *fill*         0x00000000080050fe        0x2 
 .rodata.i2cid  0x0000000008005100        0x8 obj/MW_I2C.o
 .rodata.str1.4
                0x0000000008005108       0x26 obj/MW_I2C.o
 *fill*         0x000000000800512e        0x2 
 .rodata.uartid
                0x0000000008005130        0xc obj/MW_USART.o
 .rodata.str1.4
                0x000000000800513c       0x29 obj/MW_USART.o
 *fill*         0x0000000008005165        0x3 
 .rodata.gpioid
                0x0000000008005168       0x10 obj/MW_GPIO.o
 .rodata.str1.4
                0x0000000008005178       0x28 obj/MW_GPIO.o
 .rodata.str1.4
                0x00000000080051a0       0x10 obj/message.o
                                         0x12 (size before relaxing)
 .rodata.str1.4
                0x00000000080051b0       0x95 obj/DD_RC.o
                                         0x99 (size before relaxing)
 *fill*         0x0000000008005245        0x3 
 .rodata.str1.4
                0x0000000008005248       0x10 obj/DD_AB.o
 .rodata.__FUNCTION__.7802
                0x0000000008005258        0xb obj/DD_MD.o
 *fill*         0x0000000008005263        0x1 
 .rodata.str1.4
                0x0000000008005264       0x3d obj/DD_MD.o
                                         0x41 (size before relaxing)
 *fill*         0x00000000080052a1        0x3 
 .rodata.str1.4
                0x00000000080052a4       0x27 obj/DD_Gene.o
                                         0x2b (size before relaxing)
 *fill*         0x00000000080052cb        0x1 
 .rodata.__FUNCTION__.7831
                0x00000000080052cc        0xb obj/DD_Gene.o
 *fill*         0x00000000080052d7        0x1 
 .rodata.__FUNCTION__.7960
                0x00000000080052d8        0xd obj/SystemTaskManager.o
 *fill*         0x00000000080052e5        0x3 
 .rodata.__FUNCTION__.7971
                0x00000000080052e8       0x18 obj/SystemTaskManager.o
 .rodata.__FUNCTION__.7924
                0x0000000008005300        0x5 obj/SystemTaskManager.o
 *fill*         0x0000000008005305        0x3 
 .rodata.str1.4
                0x0000000008005308      0x138 obj/SystemTaskManager.o
                                        0x147 (size before relaxing)
 .rodata.__FUNCTION__.7953
                0x0000000008005440        0x8 obj/SystemTaskManager.o
                0x0000000008005448                . = ALIGN (0x4)

.rel.dyn        0x0000000008005448        0x0
 .rel.iplt      0x0000000008005448        0x0 /usr/lib/gcc/arm-none-eabi/4.9.3/armv7-m/crtbegin.o

.ARM.extab
 *(.ARM.extab* .gnu.linkonce.armextab.*)

.ARM            0x0000000008005448        0x0
                0x0000000008005448                __exidx_start = .
 *(.ARM.exidx*)
                0x0000000008005448                __exidx_end = .

.preinit_array  0x0000000008005448        0x0
                0x0000000008005448                PROVIDE (__preinit_array_start, .)
 *(.preinit_array*)
                0x0000000008005448                PROVIDE (__preinit_array_end, .)

.init_array     0x0000000008005448        0x4
                0x0000000008005448                PROVIDE (__init_array_start, .)
 *(SORT(.init_array.*))
 *(.init_array*)
 .init_array    0x0000000008005448        0x4 /usr/lib/gcc/arm-none-eabi/4.9.3/armv7-m/crtbegin.o
                0x000000000800544c                PROVIDE (__init_array_end, .)

.fini_array     0x000000000800544c        0x4
                0x000000000800544c                PROVIDE (__fini_array_start, .)
 *(SORT(.fini_array.*))
 *(.fini_array*)
 .fini_array    0x000000000800544c        0x4 /usr/lib/gcc/arm-none-eabi/4.9.3/armv7-m/crtbegin.o
                0x0000000008005450                PROVIDE (__fini_array_end, .)
                0x0000000008005450                _sidata = LOADADDR (.data)

.data           0x0000000020000000      0x1d4 load address 0x0000000008005450
                0x0000000020000000                . = ALIGN (0x4)
                0x0000000020000000                _sdata = .
 *(.data)
 *(.data*)
 .data.SystemCoreClock
                0x0000000020000000        0x4 obj/system_stm32f1xx.o
                0x0000000020000000                SystemCoreClock
 .data.g_ab_h   0x0000000020000004        0x2 obj/deviceDefinition.o
                0x0000000020000004                g_ab_h
 *fill*         0x0000000020000006        0x2 
 .data.g_md_h   0x0000000020000008       0x18 obj/deviceDefinition.o
                0x0000000020000008                g_md_h
 .data.editlist
                0x0000000020000020       0x24 obj/constManager.o
                0x0000000020000020                editlist
 .data.hi2c1    0x0000000020000044       0x3c obj/MW_I2C.o
 .data.hi2c2    0x0000000020000080       0x3c obj/MW_I2C.o
 .data.htim1    0x00000000200000bc       0x3c obj/MW_TIM.o
 .data.hiwdg    0x00000000200000f8       0x10 obj/MW_IWDG.o
 .data.huart1   0x0000000020000108       0x40 obj/MW_USART.o
                0x0000000020000108                huart1
 .data.huart2   0x0000000020000148       0x40 obj/MW_USART.o
                0x0000000020000148                huart2
 .data.huart3   0x0000000020000188       0x40 obj/MW_USART.o
                0x0000000020000188                huart3
 .data.had_completed
                0x00000000200001c8        0x1 obj/message.o
 *fill*         0x00000000200001c9        0x3 
 .data.is_not_avaiable
                0x00000000200001cc        0x4 obj/DD_RC.o
 .data.g_led_mode
                0x00000000200001d0        0x1 obj/SystemTaskManager.o
                0x00000000200001d0                g_led_mode
                0x00000000200001d4                . = ALIGN (0x4)
 *fill*         0x00000000200001d1        0x3 
                0x00000000200001d4                _edata = .

.jcr            0x00000000200001d4        0x0 load address 0x0000000008005624
 .jcr           0x00000000200001d4        0x0 /usr/lib/gcc/arm-none-eabi/4.9.3/armv7-m/crtbegin.o

.tm_clone_table
                0x00000000200001d4        0x0 load address 0x0000000008005624
 .tm_clone_table
                0x00000000200001d4        0x0 /usr/lib/gcc/arm-none-eabi/4.9.3/armv7-m/crtbegin.o
 .tm_clone_table
                0x00000000200001d4        0x0 /usr/lib/gcc/arm-none-eabi/4.9.3/armv7-m/crtend.o

.igot.plt       0x00000000200001d4        0x0 load address 0x0000000008005624
 .igot.plt      0x00000000200001d4        0x0 /usr/lib/gcc/arm-none-eabi/4.9.3/armv7-m/crtbegin.o
                0x00000000200001d4                . = ALIGN (0x4)

.bss            0x00000000200001d8      0x690 load address 0x0000000008005624
                0x00000000200001d8                _sbss = .
                0x00000000200001d8                __bss_start__ = _sbss
 *(.bss)
 .bss           0x00000000200001d8       0x1c /usr/lib/gcc/arm-none-eabi/4.9.3/armv7-m/crtbegin.o
 *(.bss*)
 .bss.g_c_data  0x00000000200001f4       0x48 obj/constManager.o
                0x00000000200001f4                g_c_data
 .bss.g_adjust  0x000000002000023c      0x144 obj/constManager.o
                0x000000002000023c                g_adjust
 .bss.mode      0x0000000020000380        0x1 obj/constManager.o
 *fill*         0x0000000020000381        0x3 
 .bss.select.7846
                0x0000000020000384        0x4 obj/constManager.o
 .bss.hdma_rx.7319
                0x0000000020000388       0x38 obj/msp.o
 .bss.hdma_tx.7315
                0x00000000200003c0       0x38 obj/msp.o
 .bss.pFlash    0x00000000200003f8       0x20 obj/stm32f1xx_hal_flash.o
                0x00000000200003f8                pFlash
 .bss.uwTick    0x0000000020000418        0x4 obj/stm32f1xx_hal.o
 .bss.elase_hand
                0x000000002000041c       0x10 obj/MW_flash.o
 .bss.GPIO_InitStruct
                0x000000002000042c       0x10 obj/MW_GPIO.o
 .bss.buff      0x000000002000043c      0x400 obj/message.o
 .bss.outptr    0x000000002000083c        0x4 obj/xprintf.o
                0x000000002000083c                outptr
 .bss.xfunc_out
                0x0000000020000840        0x4 obj/xprintf.o
                0x0000000020000840                xfunc_out
 .bss.ip        0x0000000020000844        0x4 obj/DD_RC.o
 .bss.rcv_data  0x0000000020000848        0x8 obj/DD_RC.o
 .bss.rc_rcv    0x0000000020000850        0x8 obj/SystemTaskManager.o
 .bss.g_rc_data
                0x0000000020000858        0x8 obj/SystemTaskManager.o
                0x0000000020000858                g_rc_data
 .bss.g_SY_system_counter
                0x0000000020000860        0x4 obj/SystemTaskManager.o
                0x0000000020000860                g_SY_system_counter
 .bss.count_for_rc
                0x0000000020000864        0x4 obj/SystemTaskManager.o
 *(COMMON)
                0x0000000020000868                . = ALIGN (0x4)
                0x0000000020000868                _ebss = .
                0x0000000020000868                __bss_end__ = _ebss

._user_heap_stack
                0x0000000020000868      0x600 load address 0x0000000008005624
                0x0000000020000868                . = ALIGN (0x8)
                [!provide]                        PROVIDE (end, .)
                [!provide]                        PROVIDE (_end, .)
                0x0000000020000a68                . = (. + _Min_Heap_Size)
 *fill*         0x0000000020000868      0x200 
                0x0000000020000e68                . = (. + _Min_Stack_Size)
 *fill*         0x0000000020000a68      0x400 
                0x0000000020000e68                . = ALIGN (0x8)

/DISCARD/
 libc.a(*)
 libm.a(*)
 libgcc.a(*)

.ARM.attributes
                0x0000000000000000       0x29
 *(.ARM.attributes)
 .ARM.attributes
                0x0000000000000000       0x1d /usr/lib/gcc/arm-none-eabi/4.9.3/armv7-m/crti.o
 .ARM.attributes
                0x000000000000001d       0x2d /usr/lib/gcc/arm-none-eabi/4.9.3/armv7-m/crtbegin.o
 .ARM.attributes
                0x000000000000004a       0x33 obj/system_stm32f1xx.o
 .ARM.attributes
                0x000000000000007d       0x33 obj/deviceDefinition.o
 .ARM.attributes
                0x00000000000000b0       0x33 obj/constManager.o
 .ARM.attributes
                0x00000000000000e3       0x33 obj/app.o
 .ARM.attributes
                0x0000000000000116       0x33 obj/stm32f1xx_it.o
 .ARM.attributes
                0x0000000000000149       0x33 obj/msp.o
 .ARM.attributes
                0x000000000000017c       0x33 obj/assert.o
 .ARM.attributes
                0x00000000000001af       0x33 obj/stm32f1xx_hal_rcc.o
 .ARM.attributes
                0x00000000000001e2       0x33 obj/stm32f1xx_hal_tim.o
 .ARM.attributes
                0x0000000000000215       0x33 obj/stm32f1xx_hal_flash.o
 .ARM.attributes
                0x0000000000000248       0x33 obj/stm32f1xx_hal_gpio.o
 .ARM.attributes
                0x000000000000027b       0x33 obj/stm32f1xx_hal_rcc_ex.o
 .ARM.attributes
                0x00000000000002ae       0x33 obj/stm32f1xx_hal.o
 .ARM.attributes
                0x00000000000002e1       0x33 obj/stm32f1xx_hal_cortex.o
 .ARM.attributes
                0x0000000000000314       0x33 obj/stm32f1xx_hal_i2c.o
 .ARM.attributes
                0x0000000000000347       0x33 obj/stm32f1xx_hal_tim_ex.o
 .ARM.attributes
                0x000000000000037a       0x33 obj/stm32f1xx_hal_dma.o
 .ARM.attributes
                0x00000000000003ad       0x33 obj/stm32f1xx_hal_iwdg.o
 .ARM.attributes
                0x00000000000003e0       0x33 obj/stm32f1xx_hal_uart.o
 .ARM.attributes
                0x0000000000000413       0x33 obj/stm32f1xx_hal_flash_ex.o
 .ARM.attributes
                0x0000000000000446       0x33 obj/MW_I2C.o
 .ARM.attributes
                0x0000000000000479       0x33 obj/MW_TIM.o
 .ARM.attributes
                0x00000000000004ac       0x33 obj/MW_flash.o
 .ARM.attributes
                0x00000000000004df       0x33 obj/MW_IWDG.o
 .ARM.attributes
                0x0000000000000512       0x33 obj/MW_USART.o
 .ARM.attributes
                0x0000000000000545       0x33 obj/MW_GPIO.o
 .ARM.attributes
                0x0000000000000578       0x33 obj/message.o
 .ARM.attributes
                0x00000000000005ab       0x33 obj/xprintf.o
 .ARM.attributes
                0x00000000000005de       0x33 obj/DD_RC.o
 .ARM.attributes
                0x0000000000000611       0x33 obj/DD_AB.o
 .ARM.attributes
                0x0000000000000644       0x33 obj/DD_MD.o
 .ARM.attributes
                0x0000000000000677       0x33 obj/DD_Gene.o
 .ARM.attributes
                0x00000000000006aa       0x33 obj/SystemTaskManager.o
 .ARM.attributes
                0x00000000000006dd       0x21 obj/startup.o
 .ARM.attributes
                0x00000000000006fe       0x2d /usr/lib/gcc/arm-none-eabi/4.9.3/../../../arm-none-eabi/lib/armv7-m/libc_nano.a(lib_a-init.o)
 .ARM.attributes
                0x000000000000072b       0x2d /usr/lib/gcc/arm-none-eabi/4.9.3/../../../arm-none-eabi/lib/armv7-m/libc_nano.a(lib_a-memcpy.o)
 .ARM.attributes
                0x0000000000000758       0x2d /usr/lib/gcc/arm-none-eabi/4.9.3/armv7-m/crtend.o
 .ARM.attributes
                0x0000000000000785       0x1d /usr/lib/gcc/arm-none-eabi/4.9.3/armv7-m/crtn.o
OUTPUT(bin/Test.elf elf32-littlearm)

.comment        0x0000000000000000       0x70
 .comment       0x0000000000000000       0x38 /usr/lib/gcc/arm-none-eabi/4.9.3/armv7-m/crtbegin.o
                                         0x39 (size before relaxing)
 .comment       0x0000000000000038       0x39 obj/system_stm32f1xx.o
 .comment       0x0000000000000038       0x39 obj/deviceDefinition.o
 .comment       0x0000000000000038       0x39 obj/constManager.o
 .comment       0x0000000000000038       0x39 obj/app.o
 .comment       0x0000000000000038       0x39 obj/stm32f1xx_it.o
 .comment       0x0000000000000038       0x39 obj/msp.o
 .comment       0x0000000000000038       0x39 obj/assert.o
 .comment       0x0000000000000038       0x39 obj/stm32f1xx_hal_rcc.o
 .comment       0x0000000000000038       0x39 obj/stm32f1xx_hal_tim.o
 .comment       0x0000000000000038       0x39 obj/stm32f1xx_hal_flash.o
 .comment       0x0000000000000038       0x39 obj/stm32f1xx_hal_gpio.o
 .comment       0x0000000000000038       0x39 obj/stm32f1xx_hal_rcc_ex.o
 .comment       0x0000000000000038       0x39 obj/stm32f1xx_hal.o
 .comment       0x0000000000000038       0x39 obj/stm32f1xx_hal_cortex.o
 .comment       0x0000000000000038       0x39 obj/stm32f1xx_hal_i2c.o
 .comment       0x0000000000000038       0x39 obj/stm32f1xx_hal_tim_ex.o
 .comment       0x0000000000000038       0x39 obj/stm32f1xx_hal_dma.o
 .comment       0x0000000000000038       0x39 obj/stm32f1xx_hal_iwdg.o
 .comment       0x0000000000000038       0x39 obj/stm32f1xx_hal_uart.o
 .comment       0x0000000000000038       0x39 obj/stm32f1xx_hal_flash_ex.o
 .comment       0x0000000000000038       0x39 obj/MW_I2C.o
 .comment       0x0000000000000038       0x39 obj/MW_TIM.o
 .comment       0x0000000000000038       0x39 obj/MW_flash.o
 .comment       0x0000000000000038       0x39 obj/MW_IWDG.o
 .comment       0x0000000000000038       0x39 obj/MW_USART.o
 .comment       0x0000000000000038       0x39 obj/MW_GPIO.o
 .comment       0x0000000000000038       0x39 obj/message.o
 .comment       0x0000000000000038       0x39 obj/xprintf.o
 .comment       0x0000000000000038       0x39 obj/DD_RC.o
 .comment       0x0000000000000038       0x39 obj/DD_AB.o
 .comment       0x0000000000000038       0x39 obj/DD_MD.o
 .comment       0x0000000000000038       0x39 obj/DD_Gene.o
 .comment       0x0000000000000038       0x39 obj/SystemTaskManager.o
 .comment       0x0000000000000038       0x38 /usr/lib/gcc/arm-none-eabi/4.9.3/../../../arm-none-eabi/lib/armv7-m/libc_nano.a(lib_a-init.o)
                                         0x39 (size before relaxing)
 .comment       0x0000000000000070       0x39 /usr/lib/gcc/arm-none-eabi/4.9.3/../../../arm-none-eabi/lib/armv7-m/libc_nano.a(lib_a-memcpy.o)
 .comment       0x0000000000000070       0x39 /usr/lib/gcc/arm-none-eabi/4.9.3/armv7-m/crtend.o

.debug_info     0x0000000000000000    0x18826
 .debug_info    0x0000000000000000      0x3bf obj/system_stm32f1xx.o
 .debug_info    0x00000000000003bf      0x19b obj/deviceDefinition.o
 .debug_info    0x000000000000055a     0x1032 obj/constManager.o
 .debug_info    0x000000000000158c      0x360 obj/app.o
 .debug_info    0x00000000000018ec      0x602 obj/stm32f1xx_it.o
 .debug_info    0x0000000000001eee     0x1a6e obj/msp.o
 .debug_info    0x000000000000395c      0x107 obj/assert.o
 .debug_info    0x0000000000003a63     0x162b obj/stm32f1xx_hal_rcc.o
 .debug_info    0x000000000000508e     0x434c obj/stm32f1xx_hal_tim.o
 .debug_info    0x00000000000093da      0x6ad obj/stm32f1xx_hal_flash.o
 .debug_info    0x0000000000009a87      0x818 obj/stm32f1xx_hal_gpio.o
 .debug_info    0x000000000000a29f      0x637 obj/stm32f1xx_hal_rcc_ex.o
 .debug_info    0x000000000000a8d6      0x6b4 obj/stm32f1xx_hal.o
 .debug_info    0x000000000000af8a      0xd01 obj/stm32f1xx_hal_cortex.o
 .debug_info    0x000000000000bc8b     0x2caa obj/stm32f1xx_hal_i2c.o
 .debug_info    0x000000000000e935     0x17ef obj/stm32f1xx_hal_tim_ex.o
 .debug_info    0x0000000000010124      0x790 obj/stm32f1xx_hal_dma.o
 .debug_info    0x00000000000108b4      0x3ae obj/stm32f1xx_hal_iwdg.o
 .debug_info    0x0000000000010c62     0x13f1 obj/stm32f1xx_hal_uart.o
 .debug_info    0x0000000000012053      0xc8a obj/stm32f1xx_hal_flash_ex.o
 .debug_info    0x0000000000012cdd      0x7f4 obj/MW_I2C.o
 .debug_info    0x00000000000134d1      0xb3e obj/MW_TIM.o
 .debug_info    0x000000000001400f      0x383 obj/MW_flash.o
 .debug_info    0x0000000000014392      0x360 obj/MW_IWDG.o
 .debug_info    0x00000000000146f2      0x8a2 obj/MW_USART.o
 .debug_info    0x0000000000014f94      0x503 obj/MW_GPIO.o
 .debug_info    0x0000000000015497      0x3f7 obj/message.o
 .debug_info    0x000000000001588e      0x710 obj/xprintf.o
 .debug_info    0x0000000000015f9e      0x8b5 obj/DD_RC.o
 .debug_info    0x0000000000016853      0x1d0 obj/DD_AB.o
 .debug_info    0x0000000000016a23      0x314 obj/DD_MD.o
 .debug_info    0x0000000000016d37      0x539 obj/DD_Gene.o
 .debug_info    0x0000000000017270     0x13ad obj/SystemTaskManager.o
 .debug_info    0x000000000001861d      0x105 /usr/lib/gcc/arm-none-eabi/4.9.3/../../../arm-none-eabi/lib/armv7-m/libc_nano.a(lib_a-init.o)
 .debug_info    0x0000000000018722      0x104 /usr/lib/gcc/arm-none-eabi/4.9.3/../../../arm-none-eabi/lib/armv7-m/libc_nano.a(lib_a-memcpy.o)

.debug_abbrev   0x0000000000000000     0x4093
 .debug_abbrev  0x0000000000000000      0x123 obj/system_stm32f1xx.o
 .debug_abbrev  0x0000000000000123       0xb2 obj/deviceDefinition.o
 .debug_abbrev  0x00000000000001d5      0x28b obj/constManager.o
 .debug_abbrev  0x0000000000000460      0x1b8 obj/app.o
 .debug_abbrev  0x0000000000000618      0x15d obj/stm32f1xx_it.o
 .debug_abbrev  0x0000000000000775      0x221 obj/msp.o
 .debug_abbrev  0x0000000000000996       0x84 obj/assert.o
 .debug_abbrev  0x0000000000000a1a      0x2c9 obj/stm32f1xx_hal_rcc.o
 .debug_abbrev  0x0000000000000ce3      0x24e obj/stm32f1xx_hal_tim.o
 .debug_abbrev  0x0000000000000f31      0x240 obj/stm32f1xx_hal_flash.o
 .debug_abbrev  0x0000000000001171      0x209 obj/stm32f1xx_hal_gpio.o
 .debug_abbrev  0x000000000000137a      0x25e obj/stm32f1xx_hal_rcc_ex.o
 .debug_abbrev  0x00000000000015d8      0x258 obj/stm32f1xx_hal.o
 .debug_abbrev  0x0000000000001830      0x2ac obj/stm32f1xx_hal_cortex.o
 .debug_abbrev  0x0000000000001adc      0x241 obj/stm32f1xx_hal_i2c.o
 .debug_abbrev  0x0000000000001d1d      0x22c obj/stm32f1xx_hal_tim_ex.o
 .debug_abbrev  0x0000000000001f49      0x212 obj/stm32f1xx_hal_dma.o
 .debug_abbrev  0x000000000000215b      0x1a9 obj/stm32f1xx_hal_iwdg.o
 .debug_abbrev  0x0000000000002304      0x263 obj/stm32f1xx_hal_uart.o
 .debug_abbrev  0x0000000000002567      0x2a2 obj/stm32f1xx_hal_flash_ex.o
 .debug_abbrev  0x0000000000002809      0x1c4 obj/MW_I2C.o
 .debug_abbrev  0x00000000000029cd      0x1e6 obj/MW_TIM.o
 .debug_abbrev  0x0000000000002bb3      0x196 obj/MW_flash.o
 .debug_abbrev  0x0000000000002d49      0x172 obj/MW_IWDG.o
 .debug_abbrev  0x0000000000002ebb      0x1e4 obj/MW_USART.o
 .debug_abbrev  0x000000000000309f      0x1d2 obj/MW_GPIO.o
 .debug_abbrev  0x0000000000003271      0x1c7 obj/message.o
 .debug_abbrev  0x0000000000003438      0x223 obj/xprintf.o
 .debug_abbrev  0x000000000000365b      0x1a0 obj/DD_RC.o
 .debug_abbrev  0x00000000000037fb      0x13c obj/DD_AB.o
 .debug_abbrev  0x0000000000003937      0x19d obj/DD_MD.o
 .debug_abbrev  0x0000000000003ad4      0x1ac obj/DD_Gene.o
 .debug_abbrev  0x0000000000003c80      0x2b5 obj/SystemTaskManager.o
 .debug_abbrev  0x0000000000003f35       0xba /usr/lib/gcc/arm-none-eabi/4.9.3/../../../arm-none-eabi/lib/armv7-m/libc_nano.a(lib_a-init.o)
 .debug_abbrev  0x0000000000003fef       0xa4 /usr/lib/gcc/arm-none-eabi/4.9.3/../../../arm-none-eabi/lib/armv7-m/libc_nano.a(lib_a-memcpy.o)

.debug_loc      0x0000000000000000     0xb866
 .debug_loc     0x0000000000000000       0xe4 obj/system_stm32f1xx.o
 .debug_loc     0x00000000000000e4      0x2e3 obj/constManager.o
 .debug_loc     0x00000000000003c7       0x9d obj/app.o
 .debug_loc     0x0000000000000464      0x2aa obj/msp.o
 .debug_loc     0x000000000000070e      0xde3 obj/stm32f1xx_hal_rcc.o
 .debug_loc     0x00000000000014f1     0x2794 obj/stm32f1xx_hal_tim.o
 .debug_loc     0x0000000000003c85      0x282 obj/stm32f1xx_hal_flash.o
 .debug_loc     0x0000000000003f07      0x499 obj/stm32f1xx_hal_gpio.o
 .debug_loc     0x00000000000043a0      0x432 obj/stm32f1xx_hal_rcc_ex.o
 .debug_loc     0x00000000000047d2       0x7d obj/stm32f1xx_hal.o
 .debug_loc     0x000000000000484f      0x5a3 obj/stm32f1xx_hal_cortex.o
 .debug_loc     0x0000000000004df2     0x264d obj/stm32f1xx_hal_i2c.o
 .debug_loc     0x000000000000743f      0xbe1 obj/stm32f1xx_hal_tim_ex.o
 .debug_loc     0x0000000000008020      0x41d obj/stm32f1xx_hal_dma.o
 .debug_loc     0x000000000000843d      0x118 obj/stm32f1xx_hal_iwdg.o
 .debug_loc     0x0000000000008555      0xf92 obj/stm32f1xx_hal_uart.o
 .debug_loc     0x00000000000094e7      0x6d5 obj/stm32f1xx_hal_flash_ex.o
 .debug_loc     0x0000000000009bbc      0x226 obj/MW_I2C.o
 .debug_loc     0x0000000000009de2      0x29f obj/MW_TIM.o
 .debug_loc     0x000000000000a081      0x176 obj/MW_flash.o
 .debug_loc     0x000000000000a1f7      0x1ad obj/MW_USART.o
 .debug_loc     0x000000000000a3a4      0x113 obj/MW_GPIO.o
 .debug_loc     0x000000000000a4b7       0xc3 obj/message.o
 .debug_loc     0x000000000000a57a      0x97c obj/xprintf.o
 .debug_loc     0x000000000000aef6      0x49f obj/DD_RC.o
 .debug_loc     0x000000000000b395       0x4d obj/DD_AB.o
 .debug_loc     0x000000000000b3e2       0x6b obj/DD_MD.o
 .debug_loc     0x000000000000b44d      0x1ed obj/DD_Gene.o
 .debug_loc     0x000000000000b63a      0x15d obj/SystemTaskManager.o
 .debug_loc     0x000000000000b797       0x48 /usr/lib/gcc/arm-none-eabi/4.9.3/../../../arm-none-eabi/lib/armv7-m/libc_nano.a(lib_a-init.o)
 .debug_loc     0x000000000000b7df       0x87 /usr/lib/gcc/arm-none-eabi/4.9.3/../../../arm-none-eabi/lib/armv7-m/libc_nano.a(lib_a-memcpy.o)

.debug_aranges  0x0000000000000000     0x1298
 .debug_aranges
                0x0000000000000000       0x28 obj/system_stm32f1xx.o
 .debug_aranges
                0x0000000000000028       0x18 obj/deviceDefinition.o
 .debug_aranges
                0x0000000000000040       0x88 obj/constManager.o
 .debug_aranges
                0x00000000000000c8       0x40 obj/app.o
 .debug_aranges
                0x0000000000000108       0x80 obj/stm32f1xx_it.o
 .debug_aranges
                0x0000000000000188       0x88 obj/msp.o
 .debug_aranges
                0x0000000000000210       0x20 obj/assert.o
 .debug_aranges
                0x0000000000000230       0x88 obj/stm32f1xx_hal_rcc.o
 .debug_aranges
                0x00000000000002b8      0x368 obj/stm32f1xx_hal_tim.o
 .debug_aranges
                0x0000000000000620       0x88 obj/stm32f1xx_hal_flash.o
 .debug_aranges
                0x00000000000006a8       0x58 obj/stm32f1xx_hal_gpio.o
 .debug_aranges
                0x0000000000000700       0x30 obj/stm32f1xx_hal_rcc_ex.o
 .debug_aranges
                0x0000000000000730       0xb0 obj/stm32f1xx_hal.o
 .debug_aranges
                0x00000000000007e0       0x90 obj/stm32f1xx_hal_cortex.o
 .debug_aranges
                0x0000000000000870      0x218 obj/stm32f1xx_hal_i2c.o
 .debug_aranges
                0x0000000000000a88      0x138 obj/stm32f1xx_hal_tim_ex.o
 .debug_aranges
                0x0000000000000bc0       0x68 obj/stm32f1xx_hal_dma.o
 .debug_aranges
                0x0000000000000c28       0x40 obj/stm32f1xx_hal_iwdg.o
 .debug_aranges
                0x0000000000000c68      0x150 obj/stm32f1xx_hal_uart.o
 .debug_aranges
                0x0000000000000db8       0x98 obj/stm32f1xx_hal_flash_ex.o
 .debug_aranges
                0x0000000000000e50       0x48 obj/MW_I2C.o
 .debug_aranges
                0x0000000000000e98       0x80 obj/MW_TIM.o
 .debug_aranges
                0x0000000000000f18       0x38 obj/MW_flash.o
 .debug_aranges
                0x0000000000000f50       0x40 obj/MW_IWDG.o
 .debug_aranges
                0x0000000000000f90       0x60 obj/MW_USART.o
 .debug_aranges
                0x0000000000000ff0       0x58 obj/MW_GPIO.o
 .debug_aranges
                0x0000000000001048       0x48 obj/message.o
 .debug_aranges
                0x0000000000001090       0x70 obj/xprintf.o
 .debug_aranges
                0x0000000000001100       0x58 obj/DD_RC.o
 .debug_aranges
                0x0000000000001158       0x28 obj/DD_AB.o
 .debug_aranges
                0x0000000000001180       0x28 obj/DD_MD.o
 .debug_aranges
                0x00000000000011a8       0x48 obj/DD_Gene.o
 .debug_aranges
                0x00000000000011f0       0x68 obj/SystemTaskManager.o
 .debug_aranges
                0x0000000000001258       0x20 /usr/lib/gcc/arm-none-eabi/4.9.3/../../../arm-none-eabi/lib/armv7-m/libc_nano.a(lib_a-init.o)
 .debug_aranges
                0x0000000000001278       0x20 /usr/lib/gcc/arm-none-eabi/4.9.3/../../../arm-none-eabi/lib/armv7-m/libc_nano.a(lib_a-memcpy.o)

.debug_ranges   0x0000000000000000     0x10c0
 .debug_ranges  0x0000000000000000       0x18 obj/system_stm32f1xx.o
 .debug_ranges  0x0000000000000018       0x78 obj/constManager.o
 .debug_ranges  0x0000000000000090       0x30 obj/app.o
 .debug_ranges  0x00000000000000c0       0x70 obj/stm32f1xx_it.o
 .debug_ranges  0x0000000000000130       0x78 obj/msp.o
 .debug_ranges  0x00000000000001a8       0x10 obj/assert.o
 .debug_ranges  0x00000000000001b8       0x78 obj/stm32f1xx_hal_rcc.o
 .debug_ranges  0x0000000000000230      0x358 obj/stm32f1xx_hal_tim.o
 .debug_ranges  0x0000000000000588       0x78 obj/stm32f1xx_hal_flash.o
 .debug_ranges  0x0000000000000600       0x48 obj/stm32f1xx_hal_gpio.o
 .debug_ranges  0x0000000000000648       0x20 obj/stm32f1xx_hal_rcc_ex.o
 .debug_ranges  0x0000000000000668       0xa0 obj/stm32f1xx_hal.o
 .debug_ranges  0x0000000000000708       0x80 obj/stm32f1xx_hal_cortex.o
 .debug_ranges  0x0000000000000788      0x208 obj/stm32f1xx_hal_i2c.o
 .debug_ranges  0x0000000000000990      0x128 obj/stm32f1xx_hal_tim_ex.o
 .debug_ranges  0x0000000000000ab8       0x58 obj/stm32f1xx_hal_dma.o
 .debug_ranges  0x0000000000000b10       0x30 obj/stm32f1xx_hal_iwdg.o
 .debug_ranges  0x0000000000000b40      0x140 obj/stm32f1xx_hal_uart.o
 .debug_ranges  0x0000000000000c80       0x88 obj/stm32f1xx_hal_flash_ex.o
 .debug_ranges  0x0000000000000d08       0x38 obj/MW_I2C.o
 .debug_ranges  0x0000000000000d40       0x70 obj/MW_TIM.o
 .debug_ranges  0x0000000000000db0       0x40 obj/MW_flash.o
 .debug_ranges  0x0000000000000df0       0x30 obj/MW_IWDG.o
 .debug_ranges  0x0000000000000e20       0x50 obj/MW_USART.o
 .debug_ranges  0x0000000000000e70       0x48 obj/MW_GPIO.o
 .debug_ranges  0x0000000000000eb8       0x38 obj/message.o
 .debug_ranges  0x0000000000000ef0       0x60 obj/xprintf.o
 .debug_ranges  0x0000000000000f50       0x90 obj/DD_RC.o
 .debug_ranges  0x0000000000000fe0       0x18 obj/DD_AB.o
 .debug_ranges  0x0000000000000ff8       0x18 obj/DD_MD.o
 .debug_ranges  0x0000000000001010       0x38 obj/DD_Gene.o
 .debug_ranges  0x0000000000001048       0x58 obj/SystemTaskManager.o
 .debug_ranges  0x00000000000010a0       0x10 /usr/lib/gcc/arm-none-eabi/4.9.3/../../../arm-none-eabi/lib/armv7-m/libc_nano.a(lib_a-init.o)
 .debug_ranges  0x00000000000010b0       0x10 /usr/lib/gcc/arm-none-eabi/4.9.3/../../../arm-none-eabi/lib/armv7-m/libc_nano.a(lib_a-memcpy.o)

.debug_macro    0x0000000000000000    0x14fac
 .debug_macro   0x0000000000000000       0xc2 obj/system_stm32f1xx.o
 .debug_macro   0x00000000000000c2      0x8d4 obj/system_stm32f1xx.o
 .debug_macro   0x0000000000000996       0x2e obj/system_stm32f1xx.o
 .debug_macro   0x00000000000009c4       0x22 obj/system_stm32f1xx.o
 .debug_macro   0x00000000000009e6       0x22 obj/system_stm32f1xx.o
 .debug_macro   0x0000000000000a08       0x44 obj/system_stm32f1xx.o
 .debug_macro   0x0000000000000a4c       0xe3 obj/system_stm32f1xx.o
 .debug_macro   0x0000000000000b2f       0x22 obj/system_stm32f1xx.o
 .debug_macro   0x0000000000000b51      0x1df obj/system_stm32f1xx.o
 .debug_macro   0x0000000000000d30       0x34 obj/system_stm32f1xx.o
 .debug_macro   0x0000000000000d64       0x34 obj/system_stm32f1xx.o
 .debug_macro   0x0000000000000d98      0xb8e obj/system_stm32f1xx.o
 .debug_macro   0x0000000000001926     0x69eb obj/system_stm32f1xx.o
 .debug_macro   0x0000000000008311       0x43 obj/system_stm32f1xx.o
 .debug_macro   0x0000000000008354      0x357 obj/deviceDefinition.o
 .debug_macro   0x00000000000086ab       0x3a obj/deviceDefinition.o
 .debug_macro   0x00000000000086e5       0x16 obj/deviceDefinition.o
 .debug_macro   0x00000000000086fb       0x10 obj/deviceDefinition.o
 .debug_macro   0x000000000000870b       0x40 obj/deviceDefinition.o
 .debug_macro   0x000000000000874b       0x28 obj/deviceDefinition.o
 .debug_macro   0x0000000000008773      0x1b1 obj/deviceDefinition.o
 .debug_macro   0x0000000000008924       0x3a obj/deviceDefinition.o
 .debug_macro   0x000000000000895e     0x3383 obj/deviceDefinition.o
 .debug_macro   0x000000000000bce1       0x58 obj/deviceDefinition.o
 .debug_macro   0x000000000000bd39       0x35 obj/deviceDefinition.o
 .debug_macro   0x000000000000bd6e       0x9c obj/deviceDefinition.o
 .debug_macro   0x000000000000be0a       0x16 obj/deviceDefinition.o
 .debug_macro   0x000000000000be20       0x97 obj/deviceDefinition.o
 .debug_macro   0x000000000000beb7      0x29d obj/deviceDefinition.o
 .debug_macro   0x000000000000c154       0xef obj/deviceDefinition.o
 .debug_macro   0x000000000000c243       0x10 obj/deviceDefinition.o
 .debug_macro   0x000000000000c253       0x52 obj/deviceDefinition.o
 .debug_macro   0x000000000000c2a5       0x16 obj/deviceDefinition.o
 .debug_macro   0x000000000000c2bb       0x43 obj/deviceDefinition.o
 .debug_macro   0x000000000000c2fe      0x180 obj/deviceDefinition.o
 .debug_macro   0x000000000000c47e       0x10 obj/deviceDefinition.o
 .debug_macro   0x000000000000c48e       0x22 obj/deviceDefinition.o
 .debug_macro   0x000000000000c4b0       0xbe obj/deviceDefinition.o
 .debug_macro   0x000000000000c56e       0x16 obj/deviceDefinition.o
 .debug_macro   0x000000000000c584      0x197 obj/deviceDefinition.o
 .debug_macro   0x000000000000c71b       0x57 obj/deviceDefinition.o
 .debug_macro   0x000000000000c772      0x778 obj/deviceDefinition.o
 .debug_macro   0x000000000000ceea      0x28b obj/deviceDefinition.o
 .debug_macro   0x000000000000d175      0x141 obj/deviceDefinition.o
 .debug_macro   0x000000000000d2b6      0x197 obj/deviceDefinition.o
 .debug_macro   0x000000000000d44d      0x1ae obj/deviceDefinition.o
 .debug_macro   0x000000000000d5fb       0x2d obj/deviceDefinition.o
 .debug_macro   0x000000000000d628       0x3c obj/deviceDefinition.o
 .debug_macro   0x000000000000d664       0x57 obj/deviceDefinition.o
 .debug_macro   0x000000000000d6bb      0x46a obj/deviceDefinition.o
 .debug_macro   0x000000000000db25      0x1b5 obj/deviceDefinition.o
 .debug_macro   0x000000000000dcda       0x8c obj/deviceDefinition.o
 .debug_macro   0x000000000000dd66      0x242 obj/deviceDefinition.o
 .debug_macro   0x000000000000dfa8      0x225 obj/deviceDefinition.o
 .debug_macro   0x000000000000e1cd       0x99 obj/deviceDefinition.o
 .debug_macro   0x000000000000e266      0x143 obj/deviceDefinition.o
 .debug_macro   0x000000000000e3a9      0x1f4 obj/deviceDefinition.o
 .debug_macro   0x000000000000e59d      0x83e obj/deviceDefinition.o
 .debug_macro   0x000000000000eddb       0x11 obj/deviceDefinition.o
 .debug_macro   0x000000000000edec      0x256 obj/deviceDefinition.o
 .debug_macro   0x000000000000f042       0x7c obj/deviceDefinition.o
 .debug_macro   0x000000000000f0be       0x16 obj/deviceDefinition.o
 .debug_macro   0x000000000000f0d4       0x35 obj/deviceDefinition.o
 .debug_macro   0x000000000000f109       0x16 obj/deviceDefinition.o
 .debug_macro   0x000000000000f11f       0x29 obj/deviceDefinition.o
 .debug_macro   0x000000000000f148       0x16 obj/deviceDefinition.o
 .debug_macro   0x000000000000f15e       0x2e obj/deviceDefinition.o
 .debug_macro   0x000000000000f18c      0x319 obj/constManager.o
 .debug_macro   0x000000000000f4a5       0x4a obj/constManager.o
 .debug_macro   0x000000000000f4ef       0xac obj/constManager.o
 .debug_macro   0x000000000000f59b       0x22 obj/constManager.o
 .debug_macro   0x000000000000f5bd       0x10 obj/constManager.o
 .debug_macro   0x000000000000f5cd      0x100 obj/constManager.o
 .debug_macro   0x000000000000f6cd       0x1c obj/constManager.o
 .debug_macro   0x000000000000f6e9       0x28 obj/constManager.o
 .debug_macro   0x000000000000f711       0x34 obj/constManager.o
 .debug_macro   0x000000000000f745      0x386 obj/app.o
 .debug_macro   0x000000000000facb       0x28 obj/app.o
 .debug_macro   0x000000000000faf3      0x2c7 obj/stm32f1xx_it.o
 .debug_macro   0x000000000000fdba       0x10 obj/stm32f1xx_it.o
 .debug_macro   0x000000000000fdca      0x29c obj/msp.o
 .debug_macro   0x0000000000010066      0x29c obj/assert.o
 .debug_macro   0x0000000000010302      0x2c0 obj/stm32f1xx_hal_rcc.o
 .debug_macro   0x00000000000105c2      0x29d obj/stm32f1xx_hal_tim.o
 .debug_macro   0x000000000001085f      0x29c obj/stm32f1xx_hal_flash.o
 .debug_macro   0x0000000000010afb      0x30c obj/stm32f1xx_hal_gpio.o
 .debug_macro   0x0000000000010e07      0x29c obj/stm32f1xx_hal_rcc_ex.o
 .debug_macro   0x00000000000110a3      0x2c0 obj/stm32f1xx_hal.o
 .debug_macro   0x0000000000011363      0x29c obj/stm32f1xx_hal_cortex.o
 .debug_macro   0x00000000000115ff      0x2b2 obj/stm32f1xx_hal_i2c.o
 .debug_macro   0x00000000000118b1      0x29c obj/stm32f1xx_hal_tim_ex.o
 .debug_macro   0x0000000000011b4d      0x2a2 obj/stm32f1xx_hal_dma.o
 .debug_macro   0x0000000000011def      0x2a2 obj/stm32f1xx_hal_iwdg.o
 .debug_macro   0x0000000000012091      0x29d obj/stm32f1xx_hal_uart.o
 .debug_macro   0x000000000001232e      0x2ae obj/stm32f1xx_hal_flash_ex.o
 .debug_macro   0x00000000000125dc      0x2e0 obj/MW_I2C.o
 .debug_macro   0x00000000000128bc      0x2df obj/MW_TIM.o
 .debug_macro   0x0000000000012b9b       0x16 obj/MW_TIM.o
 .debug_macro   0x0000000000012bb1      0x2da obj/MW_flash.o
 .debug_macro   0x0000000000012e8b      0x2da obj/MW_IWDG.o
 .debug_macro   0x0000000000013165      0x2e0 obj/MW_USART.o
 .debug_macro   0x0000000000013445      0x2ab obj/MW_GPIO.o
 .debug_macro   0x00000000000136f0       0x22 obj/MW_GPIO.o
 .debug_macro   0x0000000000013712      0x31e obj/message.o
 .debug_macro   0x0000000000013a30       0x22 obj/message.o
 .debug_macro   0x0000000000013a52       0x58 obj/message.o
 .debug_macro   0x0000000000013aaa       0x22 obj/message.o
 .debug_macro   0x0000000000013acc      0x2ba obj/xprintf.o
 .debug_macro   0x0000000000013d86      0x30d obj/DD_RC.o
 .debug_macro   0x0000000000014093      0x10e obj/DD_RC.o
 .debug_macro   0x00000000000141a1       0x7f obj/DD_RC.o
 .debug_macro   0x0000000000014220       0x1c obj/DD_RC.o
 .debug_macro   0x000000000001423c      0x348 obj/DD_AB.o
 .debug_macro   0x0000000000014584      0x348 obj/DD_MD.o
 .debug_macro   0x00000000000148cc      0x351 obj/DD_Gene.o
 .debug_macro   0x0000000000014c1d       0x10 obj/DD_Gene.o
 .debug_macro   0x0000000000014c2d      0x36f obj/SystemTaskManager.o
 .debug_macro   0x0000000000014f9c       0x10 obj/SystemTaskManager.o

.debug_line     0x0000000000000000    0x13eeb
 .debug_line    0x0000000000000000      0x23e obj/system_stm32f1xx.o
 .debug_line    0x000000000000023e      0x8e3 obj/deviceDefinition.o
 .debug_line    0x0000000000000b21      0x9c5 obj/constManager.o
 .debug_line    0x00000000000014e6      0xabb obj/app.o
 .debug_line    0x0000000000001fa1      0x784 obj/stm32f1xx_it.o
 .debug_line    0x0000000000002725      0x73f obj/msp.o
 .debug_line    0x0000000000002e64      0x599 obj/assert.o
 .debug_line    0x00000000000033fd      0xc06 obj/stm32f1xx_hal_rcc.o
 .debug_line    0x0000000000004003     0x241f obj/stm32f1xx_hal_tim.o
 .debug_line    0x0000000000006422      0x7e5 obj/stm32f1xx_hal_flash.o
 .debug_line    0x0000000000006c07      0x845 obj/stm32f1xx_hal_gpio.o
 .debug_line    0x000000000000744c      0x705 obj/stm32f1xx_hal_rcc_ex.o
 .debug_line    0x0000000000007b51      0x70b obj/stm32f1xx_hal.o
 .debug_line    0x000000000000825c      0x779 obj/stm32f1xx_hal_cortex.o
 .debug_line    0x00000000000089d5     0x15d8 obj/stm32f1xx_hal_i2c.o
 .debug_line    0x0000000000009fad      0xedd obj/stm32f1xx_hal_tim_ex.o
 .debug_line    0x000000000000ae8a      0xa2f obj/stm32f1xx_hal_dma.o
 .debug_line    0x000000000000b8b9      0x67e obj/stm32f1xx_hal_iwdg.o
 .debug_line    0x000000000000bf37      0xd55 obj/stm32f1xx_hal_uart.o
 .debug_line    0x000000000000cc8c      0x91d obj/stm32f1xx_hal_flash_ex.o
 .debug_line    0x000000000000d5a9      0x689 obj/MW_I2C.o
 .debug_line    0x000000000000dc32      0x74e obj/MW_TIM.o
 .debug_line    0x000000000000e380      0x689 obj/MW_flash.o
 .debug_line    0x000000000000ea09      0x669 obj/MW_IWDG.o
 .debug_line    0x000000000000f072      0x6cd obj/MW_USART.o
 .debug_line    0x000000000000f73f      0x671 obj/MW_GPIO.o
 .debug_line    0x000000000000fdb0      0x7c0 obj/message.o
 .debug_line    0x0000000000010570      0x880 obj/xprintf.o
 .debug_line    0x0000000000010df0      0x8e1 obj/DD_RC.o
 .debug_line    0x00000000000116d1      0x8af obj/DD_AB.o
 .debug_line    0x0000000000011f80      0x8bc obj/DD_MD.o
 .debug_line    0x000000000001283c      0x99d obj/DD_Gene.o
 .debug_line    0x00000000000131d9      0xb6e obj/SystemTaskManager.o
 .debug_line    0x0000000000013d47       0xb7 /usr/lib/gcc/arm-none-eabi/4.9.3/../../../arm-none-eabi/lib/armv7-m/libc_nano.a(lib_a-init.o)
 .debug_line    0x0000000000013dfe       0xed /usr/lib/gcc/arm-none-eabi/4.9.3/../../../arm-none-eabi/lib/armv7-m/libc_nano.a(lib_a-memcpy.o)

.debug_str      0x0000000000000000    0x6a979
 .debug_str     0x0000000000000000    0x2d533 obj/system_stm32f1xx.o
                                      0x2d775 (size before relaxing)
 .debug_str     0x000000000002d533    0x3755c obj/deviceDefinition.o
                                      0x64cad (size before relaxing)
 .debug_str     0x0000000000064a8f      0xd9e obj/constManager.o
                                      0x6577f (size before relaxing)
 .debug_str     0x000000000006582d      0x201 obj/app.o
                                      0x65465 (size before relaxing)
 .debug_str     0x0000000000065a2e      0x4ed obj/stm32f1xx_it.o
                                      0x64db8 (size before relaxing)
 .debug_str     0x0000000000065f1b      0x9f6 obj/msp.o
                                      0x65653 (size before relaxing)
 .debug_str     0x0000000000066911       0x24 obj/assert.o
                                      0x6477e (size before relaxing)
 .debug_str     0x0000000000066935      0x41d obj/stm32f1xx_hal_rcc.o
                                      0x64cca (size before relaxing)
 .debug_str     0x0000000000066d52      0xcd7 obj/stm32f1xx_hal_tim.o
                                      0x658f2 (size before relaxing)
 .debug_str     0x0000000000067a29      0x2a8 obj/stm32f1xx_hal_flash.o
                                      0x64af8 (size before relaxing)
 .debug_str     0x0000000000067cd1      0x3d6 obj/stm32f1xx_hal_gpio.o
                                      0x64c71 (size before relaxing)
 .debug_str     0x00000000000680a7      0x128 obj/stm32f1xx_hal_rcc_ex.o
                                      0x6499d (size before relaxing)
 .debug_str     0x00000000000681cf      0x253 obj/stm32f1xx_hal.o
                                      0x64e78 (size before relaxing)
 .debug_str     0x0000000000068422      0x207 obj/stm32f1xx_hal_cortex.o
                                      0x64e7a (size before relaxing)
 .debug_str     0x0000000000068629      0x6d1 obj/stm32f1xx_hal_i2c.o
                                      0x652b1 (size before relaxing)
 .debug_str     0x0000000000068cfa      0x4a9 obj/stm32f1xx_hal_tim_ex.o
                                      0x6518c (size before relaxing)
 .debug_str     0x00000000000691a3      0x12d obj/stm32f1xx_hal_dma.o
                                      0x64afa (size before relaxing)
 .debug_str     0x00000000000692d0      0x162 obj/stm32f1xx_hal_iwdg.o
                                      0x6496b (size before relaxing)
 .debug_str     0x0000000000069432      0x34b obj/stm32f1xx_hal_uart.o
                                      0x64f4d (size before relaxing)
 .debug_str     0x000000000006977d      0x394 obj/stm32f1xx_hal_flash_ex.o
                                      0x64cf6 (size before relaxing)
 .debug_str     0x0000000000069b11       0xfe obj/MW_I2C.o
                                      0x64d73 (size before relaxing)
 .debug_str     0x0000000000069c0f      0x29a obj/MW_TIM.o
                                      0x64fcd (size before relaxing)
 .debug_str     0x0000000000069ea9       0x72 obj/MW_flash.o
                                      0x64a5d (size before relaxing)
 .debug_str     0x0000000000069f1b       0x72 obj/MW_IWDG.o
                                      0x64a44 (size before relaxing)
 .debug_str     0x0000000000069f8d      0x103 obj/MW_USART.o
                                      0x64dbd (size before relaxing)
 .debug_str     0x000000000006a090       0xc7 obj/MW_GPIO.o
                                      0x64a31 (size before relaxing)
 .debug_str     0x000000000006a157      0x281 obj/message.o
                                      0x64db5 (size before relaxing)
 .debug_str     0x000000000006a3d8       0x8a obj/xprintf.o
                                      0x64a69 (size before relaxing)
 .debug_str     0x000000000006a462      0x14e obj/DD_RC.o
                                      0x651ca (size before relaxing)
 .debug_str     0x000000000006a5b0       0x52 obj/DD_AB.o
                                      0x64b97 (size before relaxing)
 .debug_str     0x000000000006a602       0x3b obj/DD_MD.o
                                      0x64c0b (size before relaxing)
 .debug_str     0x000000000006a63d       0x65 obj/DD_Gene.o
                                      0x64d37 (size before relaxing)
 .debug_str     0x000000000006a6a2       0xa4 obj/SystemTaskManager.o
                                      0x65a40 (size before relaxing)
 .debug_str     0x000000000006a746      0x18c /usr/lib/gcc/arm-none-eabi/4.9.3/../../../arm-none-eabi/lib/armv7-m/libc_nano.a(lib_a-init.o)
                                        0x231 (size before relaxing)
 .debug_str     0x000000000006a8d2       0xa7 /usr/lib/gcc/arm-none-eabi/4.9.3/../../../arm-none-eabi/lib/armv7-m/libc_nano.a(lib_a-memcpy.o)
                                        0x1e6 (size before relaxing)

.debug_frame    0x0000000000000000     0x326c
 .debug_frame   0x0000000000000000       0x30 obj/system_stm32f1xx.o
 .debug_frame   0x0000000000000030      0x184 obj/constManager.o
 .debug_frame   0x00000000000001b4       0x7c obj/app.o
 .debug_frame   0x0000000000000230      0x108 obj/stm32f1xx_it.o
 .debug_frame   0x0000000000000338      0x180 obj/msp.o
 .debug_frame   0x00000000000004b8       0x20 obj/assert.o
 .debug_frame   0x00000000000004d8      0x16c obj/stm32f1xx_hal_rcc.o
 .debug_frame   0x0000000000000644      0xa88 obj/stm32f1xx_hal_tim.o
 .debug_frame   0x00000000000010cc      0x138 obj/stm32f1xx_hal_flash.o
 .debug_frame   0x0000000000001204       0xf8 obj/stm32f1xx_hal_gpio.o
 .debug_frame   0x00000000000012fc       0x68 obj/stm32f1xx_hal_rcc_ex.o
 .debug_frame   0x0000000000001364      0x168 obj/stm32f1xx_hal.o
 .debug_frame   0x00000000000014cc      0x144 obj/stm32f1xx_hal_cortex.o
 .debug_frame   0x0000000000001610      0x6e0 obj/stm32f1xx_hal_i2c.o
 .debug_frame   0x0000000000001cf0      0x3c8 obj/stm32f1xx_hal_tim_ex.o
 .debug_frame   0x00000000000020b8      0x124 obj/stm32f1xx_hal_dma.o
 .debug_frame   0x00000000000021dc       0x80 obj/stm32f1xx_hal_iwdg.o
 .debug_frame   0x000000000000225c      0x39c obj/stm32f1xx_hal_uart.o
 .debug_frame   0x00000000000025f8      0x1a4 obj/stm32f1xx_hal_flash_ex.o
 .debug_frame   0x000000000000279c       0xc4 obj/MW_I2C.o
 .debug_frame   0x0000000000002860      0x164 obj/MW_TIM.o
 .debug_frame   0x00000000000029c4       0x80 obj/MW_flash.o
 .debug_frame   0x0000000000002a44       0x78 obj/MW_IWDG.o
 .debug_frame   0x0000000000002abc       0xf8 obj/MW_USART.o
 .debug_frame   0x0000000000002bb4       0xbc obj/MW_GPIO.o
 .debug_frame   0x0000000000002c70       0xf8 obj/message.o
 .debug_frame   0x0000000000002d68      0x19c obj/xprintf.o
 .debug_frame   0x0000000000002f04       0xcc obj/DD_RC.o
 .debug_frame   0x0000000000002fd0       0x44 obj/DD_AB.o
 .debug_frame   0x0000000000003014       0x48 obj/DD_MD.o
 .debug_frame   0x000000000000305c       0xac obj/DD_Gene.o
 .debug_frame   0x0000000000003108      0x110 obj/SystemTaskManager.o
 .debug_frame   0x0000000000003218       0x2c /usr/lib/gcc/arm-none-eabi/4.9.3/../../../arm-none-eabi/lib/armv7-m/libc_nano.a(lib_a-init.o)
 .debug_frame   0x0000000000003244       0x28 /usr/lib/gcc/arm-none-eabi/4.9.3/../../../arm-none-eabi/lib/armv7-m/libc_nano.a(lib_a-memcpy.o)

Cross Reference Table

Symbol                                            File
ADC1_2_IRQHandler                                 obj/startup.o
ADC_ConversionStop_Disable                        obj/stm32f1xx_hal_adc.o
                                                  obj/stm32f1xx_hal_adc_ex.o
ADC_DMAConvCplt                                   obj/stm32f1xx_hal_adc.o
                                                  obj/stm32f1xx_hal_adc_ex.o
ADC_DMAError                                      obj/stm32f1xx_hal_adc.o
                                                  obj/stm32f1xx_hal_adc_ex.o
ADC_DMAHalfConvCplt                               obj/stm32f1xx_hal_adc.o
                                                  obj/stm32f1xx_hal_adc_ex.o
ADC_Enable                                        obj/stm32f1xx_hal_adc.o
                                                  obj/stm32f1xx_hal_adc_ex.o
AHBPrescTable                                     obj/system_stm32f1xx.o
                                                  obj/stm32f1xx_hal_rcc.o
APBPrescTable                                     obj/system_stm32f1xx.o
                                                  obj/stm32f1xx_hal_rcc.o
BusFault_Handler                                  obj/stm32f1xx_it.o
CAN1_RX1_IRQHandler                               obj/startup.o
CAN1_SCE_IRQHandler                               obj/startup.o
DD_ABHandPrint                                    obj/DD_AB.o
                                                  obj/DD_Gene.o
DD_I2C1Receive                                    obj/DD_Gene.o
DD_I2C2Receive                                    obj/DD_Gene.o
                                                  obj/DD_SS.o
DD_I2CReceive                                     obj/DD_SV.o
DD_I2CSend                                        obj/DD_Gene.o
                                                  obj/DD_LD.o
                                                  obj/DD_MD.o
                                                  obj/DD_SV.o
                                                  obj/DD_AB.o
DD_InitEncoder1                                   obj/DD_ENCODER.o
DD_InitEncoder2                                   obj/DD_ENCODER.o
DD_LDHandPrint                                    obj/DD_LD.o
DD_MDHandPrint                                    obj/DD_MD.o
                                                  obj/DD_Gene.o
DD_RCGetLX                                        obj/DD_RC.o
DD_RCGetLY                                        obj/DD_RC.o
                                                  obj/app.o
DD_RCGetRX                                        obj/DD_RC.o
DD_RCGetRY                                        obj/DD_RC.o
                                                  obj/app.o
DD_RCInit                                         obj/DD_RC.o
                                                  obj/SystemTaskManager.o
DD_RCPrint                                        obj/DD_RC.o
                                                  obj/SystemTaskManager.o
                                                  obj/constManager.o
DD_RCTask                                         obj/DD_RC.o
                                                  obj/SystemTaskManager.o
DD_RC_element                                     obj/DD_RC.o
DD_SSHandPrint                                    obj/DD_SS.o
DD_doTasks                                        obj/DD_Gene.o
                                                  obj/SystemTaskManager.o
DD_encoder1Get_int32                              obj/DD_ENCODER.o
DD_encoder1update                                 obj/DD_ENCODER.o
DD_encoder2Get_int32                              obj/DD_ENCODER.o
DD_encoder2update                                 obj/DD_ENCODER.o
DD_encoderprint                                   obj/DD_ENCODER.o
DD_initialize                                     obj/DD_Gene.o
                                                  obj/SystemTaskManager.o
DD_print                                          obj/DD_Gene.o
                                                  obj/SystemTaskManager.o
DD_receive2SS                                     obj/DD_SS.o
DD_send2AB                                        obj/DD_AB.o
                                                  obj/DD_Gene.o
DD_send2LD                                        obj/DD_LD.o
DD_send2MD                                        obj/DD_MD.o
                                                  obj/DD_Gene.o
DMA1_Channel1_IRQHandler                          obj/startup.o
DMA1_Channel2_IRQHandler                          obj/startup.o
DMA1_Channel3_IRQHandler                          obj/stm32f1xx_it.o
DMA1_Channel4_IRQHandler                          obj/startup.o
DMA1_Channel5_IRQHandler                          obj/startup.o
DMA1_Channel6_IRQHandler                          obj/startup.o
DMA1_Channel7_IRQHandler                          obj/stm32f1xx_it.o
DebugMon_Handler                                  obj/stm32f1xx_it.o
Default_Handler                                   obj/startup.o
EXTI0_IRQHandler                                  obj/startup.o
EXTI15_10_IRQHandler                              obj/startup.o
EXTI1_IRQHandler                                  obj/startup.o
EXTI2_IRQHandler                                  obj/startup.o
EXTI3_IRQHandler                                  obj/startup.o
EXTI4_IRQHandler                                  obj/startup.o
EXTI9_5_IRQHandler                                obj/startup.o
Error_Handler                                     obj/msp.o
FLASH_IRQHandler                                  obj/startup.o
FLASH_PageErase                                   obj/stm32f1xx_hal_flash_ex.o
                                                  obj/stm32f1xx_hal_flash.o
FLASH_WaitForLastOperation                        obj/stm32f1xx_hal_flash.o
                                                  obj/stm32f1xx_hal_flash_ex.o
HAL_ADCEx_Calibration_Start                       obj/stm32f1xx_hal_adc_ex.o
HAL_ADCEx_InjectedConfigChannel                   obj/stm32f1xx_hal_adc_ex.o
HAL_ADCEx_InjectedConvCpltCallback                obj/stm32f1xx_hal_adc_ex.o
                                                  obj/stm32f1xx_hal_adc.o
HAL_ADCEx_InjectedGetValue                        obj/stm32f1xx_hal_adc_ex.o
HAL_ADCEx_InjectedPollForConversion               obj/stm32f1xx_hal_adc_ex.o
HAL_ADCEx_InjectedStart                           obj/stm32f1xx_hal_adc_ex.o
HAL_ADCEx_InjectedStart_IT                        obj/stm32f1xx_hal_adc_ex.o
HAL_ADCEx_InjectedStop                            obj/stm32f1xx_hal_adc_ex.o
HAL_ADCEx_InjectedStop_IT                         obj/stm32f1xx_hal_adc_ex.o
HAL_ADCEx_MultiModeConfigChannel                  obj/stm32f1xx_hal_adc_ex.o
HAL_ADCEx_MultiModeGetValue                       obj/stm32f1xx_hal_adc_ex.o
HAL_ADCEx_MultiModeStart_DMA                      obj/stm32f1xx_hal_adc_ex.o
HAL_ADCEx_MultiModeStop_DMA                       obj/stm32f1xx_hal_adc_ex.o
HAL_ADC_AnalogWDGConfig                           obj/stm32f1xx_hal_adc.o
HAL_ADC_ConfigChannel                             obj/stm32f1xx_hal_adc.o
HAL_ADC_ConvCpltCallback                          obj/stm32f1xx_hal_adc.o
HAL_ADC_ConvHalfCpltCallback                      obj/stm32f1xx_hal_adc.o
HAL_ADC_DeInit                                    obj/stm32f1xx_hal_adc.o
HAL_ADC_ErrorCallback                             obj/stm32f1xx_hal_adc.o
HAL_ADC_GetError                                  obj/stm32f1xx_hal_adc.o
HAL_ADC_GetState                                  obj/stm32f1xx_hal_adc.o
HAL_ADC_GetValue                                  obj/stm32f1xx_hal_adc.o
HAL_ADC_IRQHandler                                obj/stm32f1xx_hal_adc.o
HAL_ADC_Init                                      obj/stm32f1xx_hal_adc.o
HAL_ADC_LevelOutOfWindowCallback                  obj/stm32f1xx_hal_adc.o
HAL_ADC_MspDeInit                                 obj/msp.o
HAL_ADC_MspInit                                   obj/msp.o
HAL_ADC_PollForConversion                         obj/stm32f1xx_hal_adc.o
HAL_ADC_PollForEvent                              obj/stm32f1xx_hal_adc.o
HAL_ADC_Start                                     obj/stm32f1xx_hal_adc.o
HAL_ADC_Start_DMA                                 obj/stm32f1xx_hal_adc.o
HAL_ADC_Start_IT                                  obj/stm32f1xx_hal_adc.o
HAL_ADC_Stop                                      obj/stm32f1xx_hal_adc.o
HAL_ADC_Stop_DMA                                  obj/stm32f1xx_hal_adc.o
HAL_ADC_Stop_IT                                   obj/stm32f1xx_hal_adc.o
HAL_DBGMCU_DisableDBGSleepMode                    obj/stm32f1xx_hal.o
HAL_DBGMCU_DisableDBGStandbyMode                  obj/stm32f1xx_hal.o
HAL_DBGMCU_DisableDBGStopMode                     obj/stm32f1xx_hal.o
HAL_DBGMCU_EnableDBGSleepMode                     obj/stm32f1xx_hal.o
HAL_DBGMCU_EnableDBGStandbyMode                   obj/stm32f1xx_hal.o
HAL_DBGMCU_EnableDBGStopMode                      obj/stm32f1xx_hal.o
HAL_DMA_Abort                                     obj/stm32f1xx_hal_dma.o
                                                  obj/stm32f1xx_hal_uart.o
                                                  obj/stm32f1xx_hal_adc_ex.o
                                                  obj/stm32f1xx_hal_spi.o
                                                  obj/stm32f1xx_hal_adc.o
                                                  obj/stm32f1xx_hal_tim.o
HAL_DMA_DeInit                                    obj/stm32f1xx_hal_dma.o
HAL_DMA_GetError                                  obj/stm32f1xx_hal_dma.o
HAL_DMA_GetState                                  obj/stm32f1xx_hal_dma.o
HAL_DMA_IRQHandler                                obj/stm32f1xx_hal_dma.o
                                                  obj/stm32f1xx_it.o
HAL_DMA_Init                                      obj/stm32f1xx_hal_dma.o
                                                  obj/msp.o
HAL_DMA_PollForTransfer                           obj/stm32f1xx_hal_dma.o
HAL_DMA_Start                                     obj/stm32f1xx_hal_dma.o
HAL_DMA_Start_IT                                  obj/stm32f1xx_hal_dma.o
                                                  obj/stm32f1xx_hal_uart.o
                                                  obj/stm32f1xx_hal_adc_ex.o
                                                  obj/stm32f1xx_hal_tim_ex.o
                                                  obj/stm32f1xx_hal_i2c.o
                                                  obj/stm32f1xx_hal_spi.o
                                                  obj/stm32f1xx_hal_adc.o
                                                  obj/stm32f1xx_hal_tim.o
HAL_DeInit                                        obj/stm32f1xx_hal.o
HAL_Delay                                         obj/stm32f1xx_hal.o
                                                  obj/DD_SV.o
                                                  obj/stm32f1xx_hal_rcc.o
HAL_FLASHEx_Erase                                 obj/stm32f1xx_hal_flash_ex.o
                                                  obj/MW_flash.o
HAL_FLASHEx_Erase_IT                              obj/stm32f1xx_hal_flash_ex.o
HAL_FLASHEx_OBErase                               obj/stm32f1xx_hal_flash_ex.o
HAL_FLASHEx_OBGetConfig                           obj/stm32f1xx_hal_flash_ex.o
HAL_FLASHEx_OBGetUserData                         obj/stm32f1xx_hal_flash_ex.o
HAL_FLASHEx_OBProgram                             obj/stm32f1xx_hal_flash_ex.o
HAL_FLASH_EndOfOperationCallback                  obj/stm32f1xx_hal_flash.o
HAL_FLASH_GetError                                obj/stm32f1xx_hal_flash.o
HAL_FLASH_IRQHandler                              obj/stm32f1xx_hal_flash.o
HAL_FLASH_Lock                                    obj/stm32f1xx_hal_flash.o
                                                  obj/MW_flash.o
HAL_FLASH_OB_Launch                               obj/stm32f1xx_hal_flash.o
HAL_FLASH_OB_Lock                                 obj/stm32f1xx_hal_flash.o
HAL_FLASH_OB_Unlock                               obj/stm32f1xx_hal_flash.o
HAL_FLASH_OperationErrorCallback                  obj/stm32f1xx_hal_flash.o
HAL_FLASH_Program                                 obj/stm32f1xx_hal_flash.o
                                                  obj/MW_flash.o
HAL_FLASH_Program_IT                              obj/stm32f1xx_hal_flash.o
HAL_FLASH_Unlock                                  obj/stm32f1xx_hal_flash.o
                                                  obj/MW_flash.o
HAL_GPIOEx_ConfigEventout                         obj/stm32f1xx_hal_gpio_ex.o
HAL_GPIOEx_DisableEventout                        obj/stm32f1xx_hal_gpio_ex.o
HAL_GPIOEx_EnableEventout                         obj/stm32f1xx_hal_gpio_ex.o
HAL_GPIO_DeInit                                   obj/stm32f1xx_hal_gpio.o
                                                  obj/msp.o
HAL_GPIO_EXTI_Callback                            obj/stm32f1xx_hal_gpio.o
HAL_GPIO_EXTI_IRQHandler                          obj/stm32f1xx_hal_gpio.o
HAL_GPIO_Init                                     obj/stm32f1xx_hal_gpio.o
                                                  obj/MW_GPIO.o
                                                  obj/stm32f1xx_hal_rcc.o
                                                  obj/msp.o
HAL_GPIO_LockPin                                  obj/stm32f1xx_hal_gpio.o
HAL_GPIO_ReadPin                                  obj/stm32f1xx_hal_gpio.o
                                                  obj/MW_GPIO.o
HAL_GPIO_TogglePin                                obj/stm32f1xx_hal_gpio.o
                                                  obj/MW_GPIO.o
HAL_GPIO_WritePin                                 obj/stm32f1xx_hal_gpio.o
                                                  obj/MW_GPIO.o
HAL_GetDEVID                                      obj/stm32f1xx_hal.o
HAL_GetHalVersion                                 obj/stm32f1xx_hal.o
HAL_GetREVID                                      obj/stm32f1xx_hal.o
HAL_GetTick                                       obj/stm32f1xx_hal.o
                                                  obj/stm32f1xx_hal_uart.o
                                                  obj/stm32f1xx_hal_iwdg.o
                                                  obj/stm32f1xx_hal_dma.o
                                                  obj/stm32f1xx_hal_adc_ex.o
                                                  obj/stm32f1xx_hal_i2c.o
                                                  obj/stm32f1xx_hal_rcc_ex.o
                                                  obj/stm32f1xx_hal_spi.o
                                                  obj/stm32f1xx_hal_adc.o
                                                  obj/stm32f1xx_hal_flash.o
                                                  obj/stm32f1xx_hal_rcc.o
HAL_HalfDuplex_EnableReceiver                     obj/stm32f1xx_hal_uart.o
HAL_HalfDuplex_EnableTransmitter                  obj/stm32f1xx_hal_uart.o
HAL_HalfDuplex_Init                               obj/stm32f1xx_hal_uart.o
HAL_I2C_DeInit                                    obj/stm32f1xx_hal_i2c.o
HAL_I2C_ER_IRQHandler                             obj/stm32f1xx_hal_i2c.o
HAL_I2C_EV_IRQHandler                             obj/stm32f1xx_hal_i2c.o
HAL_I2C_ErrorCallback                             obj/stm32f1xx_hal_i2c.o